../Core/Src/lcd.c:28:6:LCD_WR_REG	16	static
../Core/Src/lcd.c:33:6:LCD_WR_DATA	16	static
../Core/Src/lcd.c:38:10:LCD_RD_DATA	16	static
../Core/Src/lcd.c:46:6:lcdSetAddress	24	static
../Core/Src/lcd.c:61:6:lcdSetCursor	16	static
../Core/Src/lcd.c:71:6:lcdSetDisplayOn	8	static
../Core/Src/lcd.c:76:6:lcdSetDisplayOff	8	static
../Core/Src/lcd.c:81:10:lcdReadPoint	24	static
../Core/Src/lcd.c:99:6:lcdClear	24	static
../Core/Src/lcd.c:121:6:lcdFill	32	static
../Core/Src/lcd.c:142:6:lcdDrawPoint	16	static
../Core/Src/lcd.c:157:6:lcdDrawLine	64	static
../Core/Src/lcd.c:206:6:lcdDrawRect	32	static
../Core/Src/lcd.c:224:6:lcdShowChar	40	static
../Core/Src/lcd.c:275:10:mypow	24	static
../Core/Src/lcd.c:293:6:lcdShowIntNum	48	static
../Core/Src/lcd.c:312:6:lcdShowIntNumCenter	56	static
../Core/Src/lcd.c:339:6:lcdShowFloatNum	56	static
../Core/Src/lcd.c:359:6:lcdShowPicture	40	static
../Core/Src/lcd.c:378:6:lcdSetDirection	16	static
../Core/Src/lcd.c:392:6:initLCD	8	static
../Core/Src/lcd.c:502:13:_draw_circle_8	24	static
../Core/Src/lcd.c:527:6:lcdDrawCircle	48	static
../Core/Src/lcd.c:580:6:lcdShowString	56	static
../Core/Src/lcd.c:621:6:lcdShowStringCenter	56	static
