../Core/Src/lcd.c:28:6:LCD_WR_REG	16	static
../Core/Src/lcd.c:32:6:LCD_WR_DATA	16	static
../Core/Src/lcd.c:36:10:LCD_RD_DATA	16	static
../Core/Src/lcd.c:43:6:lcdSetAddress	24	static
../Core/Src/lcd.c:57:6:lcdSetCursor	16	static
../Core/Src/lcd.c:66:6:lcdSetDisplayOn	8	static
../Core/Src/lcd.c:70:6:lcdSetDisplayOff	8	static
../Core/Src/lcd.c:74:10:lcdReadPoint	24	static
../Core/Src/lcd.c:91:6:lcdClear	24	static
../Core/Src/lcd.c:110:6:lcdFill	32	static
../Core/Src/lcd.c:128:6:lcdDrawPoint	16	static
../Core/Src/lcd.c:142:6:lcdDrawLine	64	static
../Core/Src/lcd.c:186:6:lcdDrawRect	32	static
../Core/Src/lcd.c:204:6:lcdShowChar	40	static
../Core/Src/lcd.c:249:10:mypow	24	static
../Core/Src/lcd.c:266:6:lcdShowIntNum	48	static
../Core/Src/lcd.c:285:6:lcdShowIntNumCenter	56	static
../Core/Src/lcd.c:307:6:lcdShowFloatNum	56	static
../Core/Src/lcd.c:325:6:lcdShowPicture	40	static
../Core/Src/lcd.c:341:6:lcdSetDirection	16	static
../Core/Src/lcd.c:351:6:initLCD	8	static
../Core/Src/lcd.c:460:13:_draw_circle_8	24	static
../Core/Src/lcd.c:484:6:lcdDrawCircle	48	static
../Core/Src/lcd.c:527:6:lcdShowString	56	static
../Core/Src/lcd.c:568:6:lcdShowStringCenter	56	static
