../Core/Src/main.c:113:5:main	64	static
../Core/Src/main.c:461:6:SystemClock_Config	88	static
../Core/Src/main.c:504:6:debugSystem	8	static
../Core/Src/main.c:508:6:initSystem	8	static
../Core/Src/main.c:517:6:setTime	24	static
../Core/Src/main.c:528:6:displayClock	88	static
../Core/Src/main.c:551:6:displayClockWise	104	static
../Core/Src/main.c:588:6:displayTime	48	static
../Core/Src/main.c:611:6:displayLocation	40	static
../Core/Src/main.c:618:6:displayTimeLed7Seg	24	static
../Core/Src/main.c:660:6:Error_Handler	4	static,ignoring_inline_asm
