../Core/Src/main.c:139:5:main	40	static
../Core/Src/main.c:711:6:SystemClock_Config	88	static
../Core/Src/main.c:754:6:debugSystem	8	static
../Core/Src/main.c:758:6:initSystem	8	static
../Core/Src/main.c:767:6:setTime	24	static
../Core/Src/main.c:778:6:displayClock	88	static
../Core/Src/main.c:803:7:displaySecClockwise	80	static
../Core/Src/main.c:819:7:displayMinClockwise	80	static
../Core/Src/main.c:835:7:displayHourClockwise	80	static
../Core/Src/main.c:852:6:displayTime	40	static
../Core/Src/main.c:863:6:displayDate	48	static
../Core/Src/main.c:874:6:displayTemp	40	static
../Core/Src/main.c:879:6:displayDay	40	static
../Core/Src/main.c:922:6:displayTimeLed7Seg	24	static
../Core/Src/main.c:958:6:increaseSec	4	static
../Core/Src/main.c:985:6:decreaseSec	4	static
../Core/Src/main.c:1012:6:increaseMin	4	static
../Core/Src/main.c:1032:6:decreaseMin	4	static
../Core/Src/main.c:1052:6:increaseHour	4	static
../Core/Src/main.c:1064:6:decreaseHour	4	static
../Core/Src/main.c:1076:6:increaseDay	4	static
../Core/Src/main.c:1088:6:decreaseDay	4	static
../Core/Src/main.c:1099:6:increaseDate	16	static
../Core/Src/main.c:1121:6:decreaseDate	8	static
../Core/Src/main.c:1142:6:increaseMonth	16	static
../Core/Src/main.c:1160:6:decreaseMonth	16	static
../Core/Src/main.c:1178:6:increaseYear	16	static
../Core/Src/main.c:1188:6:decreaseYear	16	static
../Core/Src/main.c:1202:5:getDaysInMonth	16	static
../Core/Src/main.c:1233:6:Error_Handler	4	static,ignoring_inline_asm
