Archive member included to satisfy reference by file (symbol)

C:/ST/STM32CubeIDE_1.14.0/STM32CubeIDE/plugins/com.st.stm32cube.ide.mcu.externaltools.gnu-tools-for-stm32.12.3.rel1.win32_1.0.100.202403111256/tools/bin/../lib/gcc/arm-none-eabi/12.3.1/../../../../arm-none-eabi/lib/thumb/v7e-m+fp/hard\libc_nano.a(libc_a-exit.o)
                              C:/ST/STM32CubeIDE_1.14.0/STM32CubeIDE/plugins/com.st.stm32cube.ide.mcu.externaltools.gnu-tools-for-stm32.12.3.rel1.win32_1.0.100.202403111256/tools/bin/../lib/gcc/arm-none-eabi/12.3.1/../../../../arm-none-eabi/lib/thumb/v7e-m+fp/hard/crt0.o (exit)
C:/ST/STM32CubeIDE_1.14.0/STM32CubeIDE/plugins/com.st.stm32cube.ide.mcu.externaltools.gnu-tools-for-stm32.12.3.rel1.win32_1.0.100.202403111256/tools/bin/../lib/gcc/arm-none-eabi/12.3.1/../../../../arm-none-eabi/lib/thumb/v7e-m+fp/hard\libc_nano.a(libc_a-findfp.o)
                              C:/ST/STM32CubeIDE_1.14.0/STM32CubeIDE/plugins/com.st.stm32cube.ide.mcu.externaltools.gnu-tools-for-stm32.12.3.rel1.win32_1.0.100.202403111256/tools/bin/../lib/gcc/arm-none-eabi/12.3.1/../../../../arm-none-eabi/lib/thumb/v7e-m+fp/hard\libc_nano.a(libc_a-exit.o) (__stdio_exit_handler)
C:/ST/STM32CubeIDE_1.14.0/STM32CubeIDE/plugins/com.st.stm32cube.ide.mcu.externaltools.gnu-tools-for-stm32.12.3.rel1.win32_1.0.100.202403111256/tools/bin/../lib/gcc/arm-none-eabi/12.3.1/../../../../arm-none-eabi/lib/thumb/v7e-m+fp/hard\libc_nano.a(libc_a-fwalk.o)
                              C:/ST/STM32CubeIDE_1.14.0/STM32CubeIDE/plugins/com.st.stm32cube.ide.mcu.externaltools.gnu-tools-for-stm32.12.3.rel1.win32_1.0.100.202403111256/tools/bin/../lib/gcc/arm-none-eabi/12.3.1/../../../../arm-none-eabi/lib/thumb/v7e-m+fp/hard\libc_nano.a(libc_a-findfp.o) (_fwalk_sglue)
C:/ST/STM32CubeIDE_1.14.0/STM32CubeIDE/plugins/com.st.stm32cube.ide.mcu.externaltools.gnu-tools-for-stm32.12.3.rel1.win32_1.0.100.202403111256/tools/bin/../lib/gcc/arm-none-eabi/12.3.1/../../../../arm-none-eabi/lib/thumb/v7e-m+fp/hard\libc_nano.a(libc_a-stdio.o)
                              C:/ST/STM32CubeIDE_1.14.0/STM32CubeIDE/plugins/com.st.stm32cube.ide.mcu.externaltools.gnu-tools-for-stm32.12.3.rel1.win32_1.0.100.202403111256/tools/bin/../lib/gcc/arm-none-eabi/12.3.1/../../../../arm-none-eabi/lib/thumb/v7e-m+fp/hard\libc_nano.a(libc_a-findfp.o) (__sread)
C:/ST/STM32CubeIDE_1.14.0/STM32CubeIDE/plugins/com.st.stm32cube.ide.mcu.externaltools.gnu-tools-for-stm32.12.3.rel1.win32_1.0.100.202403111256/tools/bin/../lib/gcc/arm-none-eabi/12.3.1/../../../../arm-none-eabi/lib/thumb/v7e-m+fp/hard\libc_nano.a(libc_a-memset.o)
                              C:/ST/STM32CubeIDE_1.14.0/STM32CubeIDE/plugins/com.st.stm32cube.ide.mcu.externaltools.gnu-tools-for-stm32.12.3.rel1.win32_1.0.100.202403111256/tools/bin/../lib/gcc/arm-none-eabi/12.3.1/../../../../arm-none-eabi/lib/thumb/v7e-m+fp/hard/crt0.o (memset)
C:/ST/STM32CubeIDE_1.14.0/STM32CubeIDE/plugins/com.st.stm32cube.ide.mcu.externaltools.gnu-tools-for-stm32.12.3.rel1.win32_1.0.100.202403111256/tools/bin/../lib/gcc/arm-none-eabi/12.3.1/../../../../arm-none-eabi/lib/thumb/v7e-m+fp/hard\libc_nano.a(libc_a-closer.o)
                              C:/ST/STM32CubeIDE_1.14.0/STM32CubeIDE/plugins/com.st.stm32cube.ide.mcu.externaltools.gnu-tools-for-stm32.12.3.rel1.win32_1.0.100.202403111256/tools/bin/../lib/gcc/arm-none-eabi/12.3.1/../../../../arm-none-eabi/lib/thumb/v7e-m+fp/hard\libc_nano.a(libc_a-stdio.o) (_close_r)
C:/ST/STM32CubeIDE_1.14.0/STM32CubeIDE/plugins/com.st.stm32cube.ide.mcu.externaltools.gnu-tools-for-stm32.12.3.rel1.win32_1.0.100.202403111256/tools/bin/../lib/gcc/arm-none-eabi/12.3.1/../../../../arm-none-eabi/lib/thumb/v7e-m+fp/hard\libc_nano.a(libc_a-reent.o)
                              C:/ST/STM32CubeIDE_1.14.0/STM32CubeIDE/plugins/com.st.stm32cube.ide.mcu.externaltools.gnu-tools-for-stm32.12.3.rel1.win32_1.0.100.202403111256/tools/bin/../lib/gcc/arm-none-eabi/12.3.1/../../../../arm-none-eabi/lib/thumb/v7e-m+fp/hard\libc_nano.a(libc_a-closer.o) (errno)
C:/ST/STM32CubeIDE_1.14.0/STM32CubeIDE/plugins/com.st.stm32cube.ide.mcu.externaltools.gnu-tools-for-stm32.12.3.rel1.win32_1.0.100.202403111256/tools/bin/../lib/gcc/arm-none-eabi/12.3.1/../../../../arm-none-eabi/lib/thumb/v7e-m+fp/hard\libc_nano.a(libc_a-impure.o)
                              C:/ST/STM32CubeIDE_1.14.0/STM32CubeIDE/plugins/com.st.stm32cube.ide.mcu.externaltools.gnu-tools-for-stm32.12.3.rel1.win32_1.0.100.202403111256/tools/bin/../lib/gcc/arm-none-eabi/12.3.1/../../../../arm-none-eabi/lib/thumb/v7e-m+fp/hard\libc_nano.a(libc_a-reent.o) (_impure_ptr)
C:/ST/STM32CubeIDE_1.14.0/STM32CubeIDE/plugins/com.st.stm32cube.ide.mcu.externaltools.gnu-tools-for-stm32.12.3.rel1.win32_1.0.100.202403111256/tools/bin/../lib/gcc/arm-none-eabi/12.3.1/../../../../arm-none-eabi/lib/thumb/v7e-m+fp/hard\libc_nano.a(libc_a-lseekr.o)
[...]
Memory Configuration

Name             Origin             Length             Attributes
CCMRAM           0x10000000         0x00010000         xrw
RAM              0x20000000         0x00020000         xrw
FLASH            0x08000000         0x00100000         xr
*default*        0x00000000         0xffffffff

Linker script and memory map

LOAD C:/ST/STM32CubeIDE_1.14.0/STM32CubeIDE/plugins/com.st.stm32cube.ide.mcu.externaltools.gnu-tools-for-stm32.12.3.rel1.win32_1.0.100.202403111256/tools/bin/../lib/gcc/arm-none-eabi/12.3.1/thumb/v7e-m+fp/hard/crti.o
LOAD C:/ST/STM32CubeIDE_1.14.0/STM32CubeIDE/plugins/com.st.stm32cube.ide.mcu.externaltools.gnu-tools-for-stm32.12.3.rel1.win32_1.0.100.202403111256/tools/bin/../lib/gcc/arm-none-eabi/12.3.1/thumb/v7e-m+fp/hard/crtbegin.o
LOAD C:/ST/STM32CubeIDE_1.14.0/STM32CubeIDE/plugins/com.st.stm32cube.ide.mcu.externaltools.gnu-tools-for-stm32.12.3.rel1.win32_1.0.100.202403111256/tools/bin/../lib/gcc/arm-none-eabi/12.3.1/../../../../arm-none-eabi/lib/thumb/v7e-m+fp/hard/crt0.o
LOAD ./Core/Src/button.o
LOAD ./Core/Src/ds3231.o
LOAD ./Core/Src/fsmc.o
LOAD ./Core/Src/gpio.o
LOAD ./Core/Src/i2c.o
LOAD ./Core/Src/lcd.o
LOAD ./Core/Src/led7Seg.o
LOAD ./Core/Src/main.o
LOAD ./Core/Src/sTimer.o
LOAD ./Core/Src/spi.o
LOAD ./Core/Src/stm32f4xx_hal_msp.o
LOAD ./Core/Src/stm32f4xx_it.o
LOAD ./Core/Src/syscalls.o
LOAD ./Core/Src/sysmem.o
LOAD ./Core/Src/system_stm32f4xx.o
LOAD ./Core/Src/tim.o
LOAD ./Core/Src/utils.o
LOAD ./Core/Startup/startup_stm32f407zgtx.o
LOAD ./Drivers/STM32F4xx_HAL_Driver/Src/stm32f4xx_hal.o
LOAD ./Drivers/STM32F4xx_HAL_Driver/Src/stm32f4xx_hal_cortex.o
LOAD ./Drivers/STM32F4xx_HAL_Driver/Src/stm32f4xx_hal_dma.o
LOAD ./Drivers/STM32F4xx_HAL_Driver/Src/stm32f4xx_hal_dma_ex.o
LOAD ./Drivers/STM32F4xx_HAL_Driver/Src/stm32f4xx_hal_exti.o
LOAD ./Drivers/STM32F4xx_HAL_Driver/Src/stm32f4xx_hal_flash.o
LOAD ./Drivers/STM32F4xx_HAL_Driver/Src/stm32f4xx_hal_flash_ex.o
LOAD ./Drivers/STM32F4xx_HAL_Driver/Src/stm32f4xx_hal_flash_ramfunc.o
LOAD ./Drivers/STM32F4xx_HAL_Driver/Src/stm32f4xx_hal_gpio.o
LOAD ./Drivers/STM32F4xx_HAL_Driver/Src/stm32f4xx_hal_i2c.o
LOAD ./Drivers/STM32F4xx_HAL_Driver/Src/stm32f4xx_hal_i2c_ex.o
LOAD ./Drivers/STM32F4xx_HAL_Driver/Src/stm32f4xx_hal_pwr.o
LOAD ./Drivers/STM32F4xx_HAL_Driver/Src/stm32f4xx_hal_pwr_ex.o
LOAD ./Drivers/STM32F4xx_HAL_Driver/Src/stm32f4xx_hal_rcc.o
LOAD ./Drivers/STM32F4xx_HAL_Driver/Src/stm32f4xx_hal_rcc_ex.o
LOAD ./Drivers/STM32F4xx_HAL_Driver/Src/stm32f4xx_hal_spi.o
LOAD ./Drivers/STM32F4xx_HAL_Driver/Src/stm32f4xx_hal_sram.o
LOAD ./Drivers/STM32F4xx_HAL_Driver/Src/stm32f4xx_hal_tim.o
LOAD ./Drivers/STM32F4xx_HAL_Driver/Src/stm32f4xx_hal_tim_ex.o
LOAD ./Drivers/STM32F4xx_HAL_Driver/Src/stm32f4xx_ll_fsmc.o
START GROUP
LOAD C:/ST/STM32CubeIDE_1.14.0/STM32CubeIDE/plugins/com.st.stm32cube.ide.mcu.externaltools.gnu-tools-for-stm32.12.3.rel1.win32_1.0.100.202403111256/tools/bin/../lib/gcc/arm-none-eabi/12.3.1/../../../../arm-none-eabi/lib/thumb/v7e-m+fp/hard\libc_nano.a
LOAD C:/ST/STM32CubeIDE_1.14.0/STM32CubeIDE/plugins/com.st.stm32cube.ide.mcu.externaltools.gnu-tools-for-stm32.12.3.rel1.win32_1.0.100.202403111256/tools/bin/../lib/gcc/arm-none-eabi/12.3.1/../../../../arm-none-eabi/lib/thumb/v7e-m+fp/hard\libm.a
END GROUP
START GROUP
LOAD C:/ST/STM32CubeIDE_1.14.0/STM32CubeIDE/plugins/com.st.stm32cube.ide.mcu.externaltools.gnu-tools-for-stm32.12.3.rel1.win32_1.0.100.202403111256/tools/bin/../lib/gcc/arm-none-eabi/12.3.1/thumb/v7e-m+fp/hard\libgcc.a
LOAD C:/ST/STM32CubeIDE_1.14.0/STM32CubeIDE/plugins/com.st.stm32cube.ide.mcu.externaltools.gnu-tools-for-stm32.12.3.rel1.win32_1.0.100.202403111256/tools/bin/../lib/gcc/arm-none-eabi/12.3.1/../../../../arm-none-eabi/lib/thumb/v7e-m+fp/hard\libc_nano.a
END GROUP
START GROUP
LOAD C:/ST/STM32CubeIDE_1.14.0/STM32CubeIDE/plugins/com.st.stm32cube.ide.mcu.externaltools.gnu-tools-for-stm32.12.3.rel1.win32_1.0.100.202403111256/tools/bin/../lib/gcc/arm-none-eabi/12.3.1/thumb/v7e-m+fp/hard\libgcc.a
LOAD C:/ST/STM32CubeIDE_1.14.0/STM32CubeIDE/plugins/com.st.stm32cube.ide.mcu.externaltools.gnu-tools-for-stm32.12.3.rel1.win32_1.0.100.202403111256/tools/bin/../lib/gcc/arm-none-eabi/12.3.1/../../../../arm-none-eabi/lib/thumb/v7e-m+fp/hard\libc_nano.a
LOAD C:/ST/STM32CubeIDE_1.14.0/STM32CubeIDE/plugins/com.st.stm32cube.ide.mcu.externaltools.gnu-tools-for-stm32.12.3.rel1.win32_1.0.100.202403111256/tools/bin/../lib/gcc/arm-none-eabi/12.3.1/../../../../arm-none-eabi/lib/thumb/v7e-m+fp/hard\libnosys.a
END GROUP
START GROUP
LOAD C:/ST/STM32CubeIDE_1.14.0/STM32CubeIDE/plugins/com.st.stm32cube.ide.mcu.externaltools.gnu-tools-for-stm32.12.3.rel1.win32_1.0.100.202403111256/tools/bin/../lib/gcc/arm-none-eabi/12.3.1/thumb/v7e-m+fp/hard\libgcc.a
LOAD C:/ST/STM32CubeIDE_1.14.0/STM32CubeIDE/plugins/com.st.stm32cube.ide.mcu.externaltools.gnu-tools-for-stm32.12.3.rel1.win32_1.0.100.202403111256/tools/bin/../lib/gcc/arm-none-eabi/12.3.1/../../../../arm-none-eabi/lib/thumb/v7e-m+fp/hard\libc_nano.a
LOAD C:/ST/STM32CubeIDE_1.14.0/STM32CubeIDE/plugins/com.st.stm32cube.ide.mcu.externaltools.gnu-tools-for-stm32.12.3.rel1.win32_1.0.100.202403111256/tools/bin/../lib/gcc/arm-none-eabi/12.3.1/../../../../arm-none-eabi/lib/thumb/v7e-m+fp/hard\libnosys.a
END GROUP
LOAD C:/ST/STM32CubeIDE_1.14.0/STM32CubeIDE/plugins/com.st.stm32cube.ide.mcu.externaltools.gnu-tools-for-stm32.12.3.rel1.win32_1.0.100.202403111256/tools/bin/../lib/gcc/arm-none-eabi/12.3.1/thumb/v7e-m+fp/hard/crtend.o
LOAD C:/ST/STM32CubeIDE_1.14.0/STM32CubeIDE/plugins/com.st.stm32cube.ide.mcu.externaltools.gnu-tools-for-stm32.12.3.rel1.win32_1.0.100.202403111256/tools/bin/../lib/gcc/arm-none-eabi/12.3.1/thumb/v7e-m+fp/hard/crtn.o
                0x20020000                        _estack = (ORIGIN (RAM) + LENGTH (RAM))
                0x00000200                        _Min_Heap_Size = 0x200
                0x00000400                        _Min_Stack_Size = 0x400

.isr_vector     0x08000000      0x188
                0x08000000                        . = ALIGN (0x4)
 *(.isr_vector)
 .isr_vector    0x08000000      0x188 ./Core/Startup/startup_stm32f407zgtx.o
                0x08000000                g_pfnVectors
                0x08000188                        . = ALIGN (0x4)

.text           0x08000188     0x8da8
                0x08000188                        . = ALIGN (0x4)
 *(.text)
 .text          0x08000188       0x40 C:/ST/STM32CubeIDE_1.14.0/STM32CubeIDE/plugins/com.st.stm32cube.ide.mcu.externaltools.gnu-tools-for-stm32.12.3.rel1.win32_1.0.100.202403111256/tools/bin/../lib/gcc/arm-none-eabi/12.3.1/thumb/v7e-m+fp/hard/crtbegin.o
 .text          0x080001c8      0x378 C:/ST/STM32CubeIDE_1.14.0/STM32CubeIDE/plugins/com.st.stm32cube.ide.mcu.externaltools.gnu-tools-for-stm32.12.3.rel1.win32_1.0.100.202403111256/tools/bin/../lib/gcc/arm-none-eabi/12.3.1/thumb/v7e-m+fp/hard\libgcc.a(_arm_addsubdf3.o)
                0x080001c8                __aeabi_drsub
                0x080001d0                __aeabi_dsub
                0x080001d0                __subdf3
                0x080001d4                __aeabi_dadd
                0x080001d4                __adddf3
                0x0800044c                __floatunsidf
                0x0800044c                __aeabi_ui2d
                0x0800046c                __floatsidf
                0x0800046c                __aeabi_i2d
                0x08000490                __aeabi_f2d
                0x08000490                __extendsfdf2
                0x080004d4                __floatundidf
                0x080004d4                __aeabi_ul2d
                0x080004e4                __floatdidf
                0x080004e4                __aeabi_l2d
 .text          0x08000540      0x424 C:/ST/STM32CubeIDE_1.14.0/STM32CubeIDE/plugins/com.st.stm32cube.ide.mcu.externaltools.gnu-tools-for-stm32.12.3.rel1.win32_1.0.100.202403111256/tools/bin/../lib/gcc/arm-none-eabi/12.3.1/thumb/v7e-m+fp/hard\libgcc.a(_arm_muldivdf3.o)
                0x08000540                __aeabi_dmul
                0x08000540                __muldf3
                0x08000794                __divdf3
                0x08000794                __aeabi_ddiv
 .text          0x08000964      0x110 C:/ST/STM32CubeIDE_1.14.0/STM32CubeIDE/plugins/com.st.stm32cube.ide.mcu.externaltools.gnu-tools-for-stm32.12.3.rel1.win32_1.0.100.202403111256/tools/bin/../lib/gcc/arm-none-eabi/12.3.1/thumb/v7e-m+fp/hard\libgcc.a(_arm_cmpdf2.o)
                0x08000964                __gtdf2
                0x08000964                __gedf2
                0x0800096c                __ltdf2
                0x0800096c                __ledf2
                0x08000974                __nedf2
                0x08000974                __eqdf2
                0x08000974                __cmpdf2
                0x080009f0                __aeabi_cdrcmple
                0x08000a00                __aeabi_cdcmpeq
                0x08000a00                __aeabi_cdcmple
                0x08000a10                __aeabi_dcmpeq
                0x08000a24                __aeabi_dcmplt
                0x08000a38                __aeabi_dcmple
                0x08000a4c                __aeabi_dcmpge
                0x08000a60                __aeabi_dcmpgt
 .text          0x08000a74       0x50 C:/ST/STM32CubeIDE_1.14.0/STM32CubeIDE/plugins/com.st.stm32cube.ide.mcu.externaltools.gnu-tools-for-stm32.12.3.rel1.win32_1.0.100.202403111256/tools/bin/../lib/gcc/arm-none-eabi/12.3.1/thumb/v7e-m+fp/hard\libgcc.a(_arm_fixdfsi.o)
                0x08000a74                __aeabi_d2iz
                0x08000a74                __fixdfsi
 .text          0x08000ac4       0xa0 C:/ST/STM32CubeIDE_1.14.0/STM32CubeIDE/plugins/com.st.stm32cube.ide.mcu.externaltools.gnu-tools-for-stm32.12.3.rel1.win32_1.0.100.202403111256/tools/bin/../lib/gcc/arm-none-eabi/12.3.1/thumb/v7e-m+fp/hard\libgcc.a(_arm_truncdfsf2.o)
                0x08000ac4                __truncdfsf2
                0x08000ac4                __aeabi_d2f
 .text          0x08000b64       0x30 C:/ST/STM32CubeIDE_1.14.0/STM32CubeIDE/plugins/com.st.stm32cube.ide.mcu.externaltools.gnu-tools-for-stm32.12.3.rel1.win32_1.0.100.202403111256/tools/bin/../lib/gcc/arm-none-eabi/12.3.1/thumb/v7e-m+fp/hard\libgcc.a(_aeabi_uldivmod.o)
                0x08000b64                __aeabi_uldivmod
 .text          0x08000b94      0x2bc C:/ST/STM32CubeIDE_1.14.0/STM32CubeIDE/plugins/com.st.stm32cube.ide.mcu.externaltools.gnu-tools-for-stm32.12.3.rel1.win32_1.0.100.202403111256/tools/bin/../lib/gcc/arm-none-eabi/12.3.1/thumb/v7e-m+fp/hard\libgcc.a(_udivmoddi4.o)
                0x08000b94                __udivmoddi4
 .text          0x08000e50        0x4 C:/ST/STM32CubeIDE_1.14.0/STM32CubeIDE/plugins/com.st.stm32cube.ide.mcu.externaltools.gnu-tools-for-stm32.12.3.rel1.win32_1.0.100.202403111256/tools/bin/../lib/gcc/arm-none-eabi/12.3.1/thumb/v7e-m+fp/hard\libgcc.a(_dvmd_tls.o)
                0x08000e50                __aeabi_idiv0
                0x08000e50                __aeabi_ldiv0
 *(.text*)
 .text.initButton
                0x08000e54       0x18 ./Core/Src/button.o
                0x08000e54                initButton
 .text.buttonScan
                0x08000e6c       0xd8 ./Core/Src/button.o
                0x08000e6c                buttonScan
 .text.initds3231
                0x08000f44       0x34 ./Core/Src/ds3231.o
                0x08000f44                initds3231
 .text.ds3231Write
                0x08000f78       0x44 ./Core/Src/ds3231.o
                0x08000f78                ds3231Write
 .text.ds3231ReadTime
                0x08000fbc       0xe0 ./Core/Src/ds3231.o
                0x08000fbc                ds3231ReadTime
 .text.ds3231ReadTemp
                0x0800109c       0xe8 ./Core/Src/ds3231.o
                0x0800109c                ds3231ReadTemp
 .text.ds3231SetSec
                0x08001184       0x1c ./Core/Src/ds3231.o
                0x08001184                ds3231SetSec
 .text.ds3231SetMin
                0x080011a0       0x1c ./Core/Src/ds3231.o
                0x080011a0                ds3231SetMin
 .text.ds3231SetHour
                0x080011bc       0x44 ./Core/Src/ds3231.o
                0x080011bc                ds3231SetHour
 .text.ds3231SetDay
                0x08001200       0x1c ./Core/Src/ds3231.o
                0x08001200                ds3231SetDay
 .text.ds3231SetDate
                0x0800121c       0x1c ./Core/Src/ds3231.o
                0x0800121c                ds3231SetDate
 .text.ds3231SetMonth
                0x08001238       0x74 ./Core/Src/ds3231.o
                0x08001238                ds3231SetMonth
 .text.ds3231SetYear
                0x080012ac       0xc8 ./Core/Src/ds3231.o
                0x080012ac                ds3231SetYear
 .text.ds3231EnableA1
                0x08001374       0x68 ./Core/Src/ds3231.o
                0x08001374                ds3231EnableA1
 .text.ds3231EnableA2
                0x080013dc       0x68 ./Core/Src/ds3231.o
                0x080013dc                ds3231EnableA2
 .text.ds3231ClearFlagA1
                0x08001444       0x4c ./Core/Src/ds3231.o
                0x08001444                ds3231ClearFlagA1
 .text.ds3231ClearFlagA2
                0x08001490       0x4c ./Core/Src/ds3231.o
                0x08001490                ds3231ClearFlagA2
 .text.MX_FSMC_Init
                0x080014dc       0xf4 ./Core/Src/fsmc.o
                0x080014dc                MX_FSMC_Init
 .text.HAL_FSMC_MspInit
                0x080015d0       0x98 ./Core/Src/fsmc.o
 .text.HAL_SRAM_MspInit
                0x08001668       0x14 ./Core/Src/fsmc.o
                0x08001668                HAL_SRAM_MspInit
 .text.MX_GPIO_Init
                0x0800167c      0x1f0 ./Core/Src/gpio.o
                0x0800167c                MX_GPIO_Init
 .text.MX_I2C1_Init
                0x0800186c       0x5c ./Core/Src/i2c.o
                0x0800186c                MX_I2C1_Init
 .text.HAL_I2C_MspInit
                0x080018c8       0x90 ./Core/Src/i2c.o
                0x080018c8                HAL_I2C_MspInit
 .text.LCD_WR_REG
                0x08001958       0x20 ./Core/Src/lcd.o
                0x08001958                LCD_WR_REG
 .text.LCD_WR_DATA
                0x08001978       0x20 ./Core/Src/lcd.o
 .text.LCD_RD_DATA
                0x08001998       0x24 ./Core/Src/lcd.o
 .text.lcdSetAddress
                0x080019bc       0x98 ./Core/Src/lcd.o
                0x080019bc                lcdSetAddress
 .text.lcdClear
                0x08001a54       0x64 ./Core/Src/lcd.o
                0x08001a54                lcdClear
 .text.lcdDrawPoint
                0x08001ab8       0x2e ./Core/Src/lcd.o
                0x08001ab8                lcdDrawPoint
 .text.lcdDrawLine
                0x08001ae6      0x108 ./Core/Src/lcd.o
                0x08001ae6                lcdDrawLine
 *fill*         0x08001bee        0x2 
 .text.lcdShowChar
                0x08001bf0      0x1a0 ./Core/Src/lcd.o
                0x08001bf0                lcdShowChar
 .text.mypow    0x08001d90       0x38 ./Core/Src/lcd.o
 .text.lcdShowIntNumCenter
                0x08001dc8      0x128 ./Core/Src/lcd.o
                0x08001dc8                lcdShowIntNumCenter
 .text.lcdSetDirection
                0x08001ef0       0x48 ./Core/Src/lcd.o
                0x08001ef0                lcdSetDirection
 .text.initLCD  0x08001f38      0x2c0 ./Core/Src/lcd.o
                0x08001f38                initLCD
 .text._draw_circle_8
                0x080021f8      0x116 ./Core/Src/lcd.o
 .text.lcdDrawCircle
                0x0800230e       0xd8 ./Core/Src/lcd.o
                0x0800230e                lcdDrawCircle
 *fill*         0x080023e6        0x2 
 .text.lcdShowString
                0x080023e8       0xc8 ./Core/Src/lcd.o
                0x080023e8                lcdShowString
 .text.lcdShowStringCenter
                0x080024b0       0xa0 ./Core/Src/lcd.o
                0x080024b0                lcdShowStringCenter
 .text.initLed7Seg
                0x08002550       0x18 ./Core/Src/led7Seg.o
                0x08002550                initLed7Seg
 .text.led7SegDisplay
                0x08002568      0x118 ./Core/Src/led7Seg.o
                0x08002568                led7SegDisplay
 .text.led7SegSetDigit
                0x08002680       0x40 ./Core/Src/led7Seg.o
                0x08002680                led7SegSetDigit
 .text.led7SegSetColon
                0x080026c0       0x40 ./Core/Src/led7Seg.o
                0x080026c0                led7SegSetColon
 .text.led7SegTurnOff
                0x08002700       0x24 ./Core/Src/led7Seg.o
                0x08002700                led7SegTurnOff
 .text.led7SegDebugTurnOn
                0x08002724       0x44 ./Core/Src/led7Seg.o
                0x08002724                led7SegDebugTurnOn
 .text.led7SegDebugTurnOff
                0x08002768       0x48 ./Core/Src/led7Seg.o
                0x08002768                led7SegDebugTurnOff
 .text.main     0x080027b0      0x9f4 ./Core/Src/main.o
                0x080027b0                main
 .text.SystemClock_Config
                0x080031a4       0xd4 ./Core/Src/main.o
                0x080031a4                SystemClock_Config
 .text.debugSystem
                0x08003278       0x14 ./Core/Src/main.o
                0x08003278                debugSystem
 .text.initSystem
                0x0800328c       0x20 ./Core/Src/main.o
                0x0800328c                initSystem
 .text.setTime  0x080032ac       0x5c ./Core/Src/main.o
                0x080032ac                setTime
 .text.displayClock
                0x08003308      0x168 ./Core/Src/main.o
                0x08003308                displayClock
 .text.displayClockWise
                0x08003470      0x660 ./Core/Src/main.o
                0x08003470                displayClockWise
 .text.displayTime
                0x08003ad0      0x254 ./Core/Src/main.o
                0x08003ad0                displayTime
 .text.displayTimeLed7Seg
                0x08003d24      0x100 ./Core/Src/main.o
                0x08003d24                displayTimeLed7Seg
 .text.Error_Handler
                0x08003e24        0xc ./Core/Src/main.o
                0x08003e24                Error_Handler
 .text.initTimer2
                0x08003e30       0x14 ./Core/Src/sTimer.o
                0x08003e30                initTimer2
 .text.initTimer4
                0x08003e44       0x14 ./Core/Src/sTimer.o
                0x08003e44                initTimer4
 .text.sTimer2Set
                0x08003e58       0x3c ./Core/Src/sTimer.o
                0x08003e58                sTimer2Set
 .text.sTimer4Set
                0x08003e94       0x3c ./Core/Src/sTimer.o
                0x08003e94                sTimer4Set
 .text.sTimer2GetFlag
                0x08003ed0       0x38 ./Core/Src/sTimer.o
                0x08003ed0                sTimer2GetFlag
 .text.sTimer4GetFlag
                0x08003f08       0x38 ./Core/Src/sTimer.o
                0x08003f08                sTimer4GetFlag
 .text.HAL_TIM_PeriodElapsedCallback
                0x08003f40       0x80 ./Core/Src/sTimer.o
                0x08003f40                HAL_TIM_PeriodElapsedCallback
 .text.MX_SPI1_Init
                0x08003fc0       0x6c ./Core/Src/spi.o
                0x08003fc0                MX_SPI1_Init
 .text.HAL_SPI_MspInit
                0x0800402c       0x90 ./Core/Src/spi.o
                0x0800402c                HAL_SPI_MspInit
 .text.HAL_MspInit
                0x080040bc       0x50 ./Core/Src/stm32f4xx_hal_msp.o
                0x080040bc                HAL_MspInit
 .text.NMI_Handler
                0x0800410c        0x8 ./Core/Src/stm32f4xx_it.o
                0x0800410c                NMI_Handler
 .text.HardFault_Handler
                0x08004114        0x8 ./Core/Src/stm32f4xx_it.o
                0x08004114                HardFault_Handler
 .text.MemManage_Handler
                0x0800411c        0x8 ./Core/Src/stm32f4xx_it.o
                0x0800411c                MemManage_Handler
 .text.BusFault_Handler
                0x08004124        0x8 ./Core/Src/stm32f4xx_it.o
                0x08004124                BusFault_Handler
 .text.UsageFault_Handler
                0x0800412c        0x8 ./Core/Src/stm32f4xx_it.o
                0x0800412c                UsageFault_Handler
 .text.SVC_Handler
                0x08004134        0xe ./Core/Src/stm32f4xx_it.o
                0x08004134                SVC_Handler
 .text.DebugMon_Handler
                0x08004142        0xe ./Core/Src/stm32f4xx_it.o
                0x08004142                DebugMon_Handler
 .text.PendSV_Handler
                0x08004150        0xe ./Core/Src/stm32f4xx_it.o
                0x08004150                PendSV_Handler
 .text.SysTick_Handler
                0x0800415e        0xc ./Core/Src/stm32f4xx_it.o
                0x0800415e                SysTick_Handler
 *fill*         0x0800416a        0x2 
 .text.TIM2_IRQHandler
                0x0800416c       0x14 ./Core/Src/stm32f4xx_it.o
                0x0800416c                TIM2_IRQHandler
 .text.TIM4_IRQHandler
                0x08004180       0x14 ./Core/Src/stm32f4xx_it.o
                0x08004180                TIM4_IRQHandler
 .text.SystemInit
                0x08004194       0x24 ./Core/Src/system_stm32f4xx.o
                0x08004194                SystemInit
 .text.MX_TIM2_Init
                0x080041b8       0x98 ./Core/Src/tim.o
                0x080041b8                MX_TIM2_Init
 .text.MX_TIM4_Init
                0x08004250       0x9c ./Core/Src/tim.o
                0x08004250                MX_TIM4_Init
 .text.HAL_TIM_Base_MspInit
                0x080042ec       0x88 ./Core/Src/tim.o
                0x080042ec                HAL_TIM_Base_MspInit
 .text.BCD2DEC  0x08004374       0x32 ./Core/Src/utils.o
                0x08004374                BCD2DEC
 *fill*         0x080043a6        0x2 
 .text.DEC2BCD  0x080043a8       0x48 ./Core/Src/utils.o
                0x080043a8                DEC2BCD
 .text.Reset_Handler
                0x080043f0       0x50 ./Core/Startup/startup_stm32f407zgtx.o
                0x080043f0                Reset_Handler
 .text.Default_Handler
                0x08004440        0x2 ./Core/Startup/startup_stm32f407zgtx.o
                0x08004440                RTC_Alarm_IRQHandler
                0x08004440                HASH_RNG_IRQHandler
                0x08004440                EXTI2_IRQHandler
                0x08004440                TIM8_CC_IRQHandler
                0x08004440                TIM1_CC_IRQHandler
                0x08004440                DMA2_Stream5_IRQHandler
                0x08004440                DMA1_Stream5_IRQHandler
                0x08004440                PVD_IRQHandler
                0x08004440                SDIO_IRQHandler
                0x08004440                TAMP_STAMP_IRQHandler
                0x08004440                CAN2_RX1_IRQHandler
                0x08004440                EXTI3_IRQHandler
                0x08004440                TIM8_TRG_COM_TIM14_IRQHandler
                0x08004440                TIM1_UP_TIM10_IRQHandler
                0x08004440                TIM8_UP_TIM13_IRQHandler
                0x08004440                I2C3_ER_IRQHandler
                0x08004440                EXTI0_IRQHandler
                0x08004440                I2C2_EV_IRQHandler
                0x08004440                DMA1_Stream2_IRQHandler
                0x08004440                CAN1_RX0_IRQHandler
                0x08004440                FPU_IRQHandler
                0x08004440                OTG_HS_WKUP_IRQHandler
                0x08004440                CAN2_SCE_IRQHandler
                0x08004440                DMA2_Stream2_IRQHandler
                0x08004440                SPI1_IRQHandler
                0x08004440                TIM6_DAC_IRQHandler
                0x08004440                TIM1_BRK_TIM9_IRQHandler
                0x08004440                DCMI_IRQHandler
                0x08004440                CAN2_RX0_IRQHandler
                0x08004440                DMA2_Stream3_IRQHandler
                0x08004440                USART6_IRQHandler
                0x08004440                USART3_IRQHandler
                0x08004440                CAN1_RX1_IRQHandler
                0x08004440                UART5_IRQHandler
                0x08004440                DMA2_Stream0_IRQHandler
                0x08004440                I2C1_EV_IRQHandler
                0x08004440                DMA1_Stream6_IRQHandler
                0x08004440                DMA1_Stream1_IRQHandler
                0x08004440                UART4_IRQHandler
                0x08004440                TIM3_IRQHandler
                0x08004440                RCC_IRQHandler
                0x08004440                TIM8_BRK_TIM12_IRQHandler
                0x08004440                Default_Handler
                0x08004440                EXTI15_10_IRQHandler
                0x08004440                ADC_IRQHandler
                0x08004440                DMA1_Stream7_IRQHandler
                0x08004440                TIM7_IRQHandler
                0x08004440                CAN2_TX_IRQHandler
                0x08004440                TIM5_IRQHandler
                0x08004440                DMA2_Stream7_IRQHandler
                0x08004440                I2C3_EV_IRQHandler
                0x08004440                EXTI9_5_IRQHandler
                0x08004440                RTC_WKUP_IRQHandler
                0x08004440                ETH_WKUP_IRQHandler
                0x08004440                SPI2_IRQHandler
                0x08004440                OTG_HS_EP1_IN_IRQHandler
                0x08004440                DMA1_Stream0_IRQHandler
                0x08004440                CAN1_TX_IRQHandler
                0x08004440                EXTI4_IRQHandler
                0x08004440                FSMC_IRQHandler
                0x08004440                ETH_IRQHandler
                0x08004440                OTG_HS_EP1_OUT_IRQHandler
                0x08004440                WWDG_IRQHandler
                0x08004440                OTG_FS_WKUP_IRQHandler
                0x08004440                TIM1_TRG_COM_TIM11_IRQHandler
                0x08004440                OTG_HS_IRQHandler
                0x08004440                EXTI1_IRQHandler
                0x08004440                USART2_IRQHandler
                0x08004440                I2C2_ER_IRQHandler
                0x08004440                DMA2_Stream1_IRQHandler
                0x08004440                CAN1_SCE_IRQHandler
                0x08004440                FLASH_IRQHandler
                0x08004440                DMA2_Stream4_IRQHandler
                0x08004440                USART1_IRQHandler
                0x08004440                OTG_FS_IRQHandler
                0x08004440                SPI3_IRQHandler
                0x08004440                DMA1_Stream4_IRQHandler
                0x08004440                I2C1_ER_IRQHandler
                0x08004440                DMA2_Stream6_IRQHandler
                0x08004440                DMA1_Stream3_IRQHandler
 *fill*         0x08004442        0x2 
 .text.HAL_Init
                0x08004444       0x44 ./Drivers/STM32F4xx_HAL_Driver/Src/stm32f4xx_hal.o
                0x08004444                HAL_Init
 .text.HAL_InitTick
                0x08004488       0x60 ./Drivers/STM32F4xx_HAL_Driver/Src/stm32f4xx_hal.o
                0x08004488                HAL_InitTick
 .text.HAL_IncTick
                0x080044e8       0x28 ./Drivers/STM32F4xx_HAL_Driver/Src/stm32f4xx_hal.o
                0x080044e8                HAL_IncTick
 .text.HAL_GetTick
                0x08004510       0x18 ./Drivers/STM32F4xx_HAL_Driver/Src/stm32f4xx_hal.o
                0x08004510                HAL_GetTick
 .text.HAL_Delay
                0x08004528       0x48 ./Drivers/STM32F4xx_HAL_Driver/Src/stm32f4xx_hal.o
                0x08004528                HAL_Delay
 .text.__NVIC_SetPriorityGrouping
                0x08004570       0x48 ./Drivers/STM32F4xx_HAL_Driver/Src/stm32f4xx_hal_cortex.o
 .text.__NVIC_GetPriorityGrouping
                0x080045b8       0x1c ./Drivers/STM32F4xx_HAL_Driver/Src/stm32f4xx_hal_cortex.o
 .text.__NVIC_EnableIRQ
                0x080045d4       0x3c ./Drivers/STM32F4xx_HAL_Driver/Src/stm32f4xx_hal_cortex.o
 .text.__NVIC_SetPriority
                0x08004610       0x54 ./Drivers/STM32F4xx_HAL_Driver/Src/stm32f4xx_hal_cortex.o
 .text.NVIC_EncodePriority
                0x08004664       0x66 ./Drivers/STM32F4xx_HAL_Driver/Src/stm32f4xx_hal_cortex.o
 *fill*         0x080046ca        0x2 
 .text.SysTick_Config
                0x080046cc       0x44 ./Drivers/STM32F4xx_HAL_Driver/Src/stm32f4xx_hal_cortex.o
 .text.HAL_NVIC_SetPriorityGrouping
                0x08004710       0x16 ./Drivers/STM32F4xx_HAL_Driver/Src/stm32f4xx_hal_cortex.o
                0x08004710                HAL_NVIC_SetPriorityGrouping
 .text.HAL_NVIC_SetPriority
                0x08004726       0x38 ./Drivers/STM32F4xx_HAL_Driver/Src/stm32f4xx_hal_cortex.o
                0x08004726                HAL_NVIC_SetPriority
 .text.HAL_NVIC_EnableIRQ
                0x0800475e       0x1c ./Drivers/STM32F4xx_HAL_Driver/Src/stm32f4xx_hal_cortex.o
                0x0800475e                HAL_NVIC_EnableIRQ
 .text.HAL_SYSTICK_Config
                0x0800477a       0x18 ./Drivers/STM32F4xx_HAL_Driver/Src/stm32f4xx_hal_cortex.o
                0x0800477a                HAL_SYSTICK_Config
 *fill*         0x08004792        0x2 
 .text.HAL_GPIO_Init
                0x08004794      0x338 ./Drivers/STM32F4xx_HAL_Driver/Src/stm32f4xx_hal_gpio.o
                0x08004794                HAL_GPIO_Init
 .text.HAL_GPIO_WritePin
                0x08004acc       0x32 ./Drivers/STM32F4xx_HAL_Driver/Src/stm32f4xx_hal_gpio.o
                0x08004acc                HAL_GPIO_WritePin
 .text.HAL_GPIO_TogglePin
                0x08004afe       0x34 ./Drivers/STM32F4xx_HAL_Driver/Src/stm32f4xx_hal_gpio.o
                0x08004afe                HAL_GPIO_TogglePin
 *fill*         0x08004b32        0x2 
 .text.HAL_I2C_Init
                0x08004b34      0x288 ./Drivers/STM32F4xx_HAL_Driver/Src/stm32f4xx_hal_i2c.o
                0x08004b34                HAL_I2C_Init
 .text.HAL_I2C_Mem_Write
                0x08004dbc      0x1f4 ./Drivers/STM32F4xx_HAL_Driver/Src/stm32f4xx_hal_i2c.o
                0x08004dbc                HAL_I2C_Mem_Write
 .text.HAL_I2C_Mem_Read
                0x08004fb0      0x464 ./Drivers/STM32F4xx_HAL_Driver/Src/stm32f4xx_hal_i2c.o
                0x08004fb0                HAL_I2C_Mem_Read
 .text.HAL_I2C_IsDeviceReady
                0x08005414      0x25c ./Drivers/STM32F4xx_HAL_Driver/Src/stm32f4xx_hal_i2c.o
                0x08005414                HAL_I2C_IsDeviceReady
 .text.I2C_RequestMemoryWrite
                0x08005670      0x12c ./Drivers/STM32F4xx_HAL_Driver/Src/stm32f4xx_hal_i2c.o
 .text.I2C_RequestMemoryRead
                0x0800579c      0x1d0 ./Drivers/STM32F4xx_HAL_Driver/Src/stm32f4xx_hal_i2c.o
 .text.I2C_WaitOnFlagUntilTimeout
                0x0800596c       0xf4 ./Drivers/STM32F4xx_HAL_Driver/Src/stm32f4xx_hal_i2c.o
 .text.I2C_WaitOnMasterAddressFlagUntilTimeout
                0x08005a60      0x140 ./Drivers/STM32F4xx_HAL_Driver/Src/stm32f4xx_hal_i2c.o
 .text.I2C_WaitOnTXEFlagUntilTimeout
                0x08005ba0       0x90 ./Drivers/STM32F4xx_HAL_Driver/Src/stm32f4xx_hal_i2c.o
 .text.I2C_WaitOnBTFFlagUntilTimeout
                0x08005c30       0x90 ./Drivers/STM32F4xx_HAL_Driver/Src/stm32f4xx_hal_i2c.o
 .text.I2C_WaitOnRXNEFlagUntilTimeout
                0x08005cc0       0xba ./Drivers/STM32F4xx_HAL_Driver/Src/stm32f4xx_hal_i2c.o
 .text.I2C_IsAcknowledgeFailed
                0x08005d7a       0x5e ./Drivers/STM32F4xx_HAL_Driver/Src/stm32f4xx_hal_i2c.o
 .text.HAL_RCC_OscConfig
                0x08005dd8      0x4f0 ./Drivers/STM32F4xx_HAL_Driver/Src/stm32f4xx_hal_rcc.o
                0x08005dd8                HAL_RCC_OscConfig
 .text.HAL_RCC_ClockConfig
                0x080062c8      0x1cc ./Drivers/STM32F4xx_HAL_Driver/Src/stm32f4xx_hal_rcc.o
                0x080062c8                HAL_RCC_ClockConfig
 .text.HAL_RCC_GetSysClockFreq
                0x08006494      0x20c ./Drivers/STM32F4xx_HAL_Driver/Src/stm32f4xx_hal_rcc.o
                0x08006494                HAL_RCC_GetSysClockFreq
 .text.HAL_RCC_GetHCLKFreq
                0x080066a0       0x18 ./Drivers/STM32F4xx_HAL_Driver/Src/stm32f4xx_hal_rcc.o
                0x080066a0                HAL_RCC_GetHCLKFreq
 .text.HAL_RCC_GetPCLK1Freq
                0x080066b8       0x28 ./Drivers/STM32F4xx_HAL_Driver/Src/stm32f4xx_hal_rcc.o
                0x080066b8                HAL_RCC_GetPCLK1Freq
 .text.HAL_SPI_Init
                0x080066e0      0x112 ./Drivers/STM32F4xx_HAL_Driver/Src/stm32f4xx_hal_spi.o
                0x080066e0                HAL_SPI_Init
 .text.HAL_SPI_Transmit
                0x080067f2      0x286 ./Drivers/STM32F4xx_HAL_Driver/Src/stm32f4xx_hal_spi.o
                0x080067f2                HAL_SPI_Transmit
 .text.HAL_SPI_Receive
                0x08006a78      0x230 ./Drivers/STM32F4xx_HAL_Driver/Src/stm32f4xx_hal_spi.o
                0x08006a78                HAL_SPI_Receive
 .text.HAL_SPI_TransmitReceive
                0x08006ca8      0x360 ./Drivers/STM32F4xx_HAL_Driver/Src/stm32f4xx_hal_spi.o
                0x08006ca8                HAL_SPI_TransmitReceive
 .text.SPI_WaitFlagStateUntilTimeout
                0x08007008      0x110 ./Drivers/STM32F4xx_HAL_Driver/Src/stm32f4xx_hal_spi.o
 .text.SPI_EndRxTransaction
                0x08007118       0xca ./Drivers/STM32F4xx_HAL_Driver/Src/stm32f4xx_hal_spi.o
 *fill*         0x080071e2        0x2 
 .text.SPI_EndRxTxTransaction
                0x080071e4       0xa8 ./Drivers/STM32F4xx_HAL_Driver/Src/stm32f4xx_hal_spi.o
 .text.HAL_SRAM_Init
                0x0800728c       0x90 ./Drivers/STM32F4xx_HAL_Driver/Src/stm32f4xx_hal_sram.o
                0x0800728c                HAL_SRAM_Init
 .text.HAL_TIM_Base_Init
                0x0800731c       0x9e ./Drivers/STM32F4xx_HAL_Driver/Src/stm32f4xx_hal_tim.o
                0x0800731c                HAL_TIM_Base_Init
 *fill*         0x080073ba        0x2 
 .text.HAL_TIM_Base_Start_IT
                0x080073bc       0xe0 ./Drivers/STM32F4xx_HAL_Driver/Src/stm32f4xx_hal_tim.o
                0x080073bc                HAL_TIM_Base_Start_IT
 .text.HAL_TIM_IRQHandler
                0x0800749c      0x1e0 ./Drivers/STM32F4xx_HAL_Driver/Src/stm32f4xx_hal_tim.o
                0x0800749c                HAL_TIM_IRQHandler
 .text.HAL_TIM_ConfigClockSource
                0x0800767c      0x18e ./Drivers/STM32F4xx_HAL_Driver/Src/stm32f4xx_hal_tim.o
                0x0800767c                HAL_TIM_ConfigClockSource
 .text.HAL_TIM_OC_DelayElapsedCallback
                0x0800780a       0x14 ./Drivers/STM32F4xx_HAL_Driver/Src/stm32f4xx_hal_tim.o
                0x0800780a                HAL_TIM_OC_DelayElapsedCallback
 .text.HAL_TIM_IC_CaptureCallback
                0x0800781e       0x14 ./Drivers/STM32F4xx_HAL_Driver/Src/stm32f4xx_hal_tim.o
                0x0800781e                HAL_TIM_IC_CaptureCallback
 .text.HAL_TIM_PWM_PulseFinishedCallback
                0x08007832       0x14 ./Drivers/STM32F4xx_HAL_Driver/Src/stm32f4xx_hal_tim.o
                0x08007832                HAL_TIM_PWM_PulseFinishedCallback
 .text.HAL_TIM_TriggerCallback
                0x08007846       0x14 ./Drivers/STM32F4xx_HAL_Driver/Src/stm32f4xx_hal_tim.o
                0x08007846                HAL_TIM_TriggerCallback
 *fill*         0x0800785a        0x2 
 .text.TIM_Base_SetConfig
                0x0800785c      0x158 ./Drivers/STM32F4xx_HAL_Driver/Src/stm32f4xx_hal_tim.o
                0x0800785c                TIM_Base_SetConfig
 .text.TIM_TI1_ConfigInputStage
                0x080079b4       0x5e ./Drivers/STM32F4xx_HAL_Driver/Src/stm32f4xx_hal_tim.o
 .text.TIM_TI2_ConfigInputStage
                0x08007a12       0x60 ./Drivers/STM32F4xx_HAL_Driver/Src/stm32f4xx_hal_tim.o
 .text.TIM_ITRx_SetConfig
                0x08007a72       0x36 ./Drivers/STM32F4xx_HAL_Driver/Src/stm32f4xx_hal_tim.o
 .text.TIM_ETR_SetConfig
                0x08007aa8       0x40 ./Drivers/STM32F4xx_HAL_Driver/Src/stm32f4xx_hal_tim.o
                0x08007aa8                TIM_ETR_SetConfig
 .text.HAL_TIMEx_MasterConfigSynchronization
                0x08007ae8       0xf8 ./Drivers/STM32F4xx_HAL_Driver/Src/stm32f4xx_hal_tim_ex.o
                0x08007ae8                HAL_TIMEx_MasterConfigSynchronization
 .text.HAL_TIMEx_CommutCallback
                0x08007be0       0x14 ./Drivers/STM32F4xx_HAL_Driver/Src/stm32f4xx_hal_tim_ex.o
                0x08007be0                HAL_TIMEx_CommutCallback
 .text.HAL_TIMEx_BreakCallback
                0x08007bf4       0x14 ./Drivers/STM32F4xx_HAL_Driver/Src/stm32f4xx_hal_tim_ex.o
                0x08007bf4                HAL_TIMEx_BreakCallback
 .text.FSMC_NORSRAM_Init
                0x08007c08       0xd4 ./Drivers/STM32F4xx_HAL_Driver/Src/stm32f4xx_ll_fsmc.o
                0x08007c08                FSMC_NORSRAM_Init
 .text.FSMC_NORSRAM_Timing_Init
                0x08007cdc       0x6a ./Drivers/STM32F4xx_HAL_Driver/Src/stm32f4xx_ll_fsmc.o
                0x08007cdc                FSMC_NORSRAM_Timing_Init
 *fill*         0x08007d46        0x2 
 .text.FSMC_NORSRAM_Extended_Timing_Init
                0x08007d48       0x70 ./Drivers/STM32F4xx_HAL_Driver/Src/stm32f4xx_ll_fsmc.o
                0x08007d48                FSMC_NORSRAM_Extended_Timing_Init
 .text.memset   0x08007db8       0x10 C:/ST/STM32CubeIDE_1.14.0/STM32CubeIDE/plugins/com.st.stm32cube.ide.mcu.externaltools.gnu-tools-for-stm32.12.3.rel1.win32_1.0.100.202403111256/tools/bin/../lib/gcc/arm-none-eabi/12.3.1/../../../../arm-none-eabi/lib/thumb/v7e-m+fp/hard\libc_nano.a(libc_a-memset.o)
                0x08007db8                memset
 .text.__libc_init_array
                0x08007dc8       0x48 C:/ST/STM32CubeIDE_1.14.0/STM32CubeIDE/plugins/com.st.stm32cube.ide.mcu.externaltools.gnu-tools-for-stm32.12.3.rel1.win32_1.0.100.202403111256/tools/bin/../lib/gcc/arm-none-eabi/12.3.1/../../../../arm-none-eabi/lib/thumb/v7e-m+fp/hard\libc_nano.a(libc_a-init.o)
                0x08007dc8                __libc_init_array
 .text.cos      0x08007e10       0xa8 C:/ST/STM32CubeIDE_1.14.0/STM32CubeIDE/plugins/com.st.stm32cube.ide.mcu.externaltools.gnu-tools-for-stm32.12.3.rel1.win32_1.0.100.202403111256/tools/bin/../lib/gcc/arm-none-eabi/12.3.1/../../../../arm-none-eabi/lib/thumb/v7e-m+fp/hard\libm.a(libm_a-s_cos.o)
                0x08007e10                cos
 .text.sin      0x08007eb8       0xa8 C:/ST/STM32CubeIDE_1.14.0/STM32CubeIDE/plugins/com.st.stm32cube.ide.mcu.externaltools.gnu-tools-for-stm32.12.3.rel1.win32_1.0.100.202403111256/tools/bin/../lib/gcc/arm-none-eabi/12.3.1/../../../../arm-none-eabi/lib/thumb/v7e-m+fp/hard\libm.a(libm_a-s_sin.o)
                0x08007eb8                sin
 .text.__kernel_cos
                0x08007f60      0x18c C:/ST/STM32CubeIDE_1.14.0/STM32CubeIDE/plugins/com.st.stm32cube.ide.mcu.externaltools.gnu-tools-for-stm32.12.3.rel1.win32_1.0.100.202403111256/tools/bin/../lib/gcc/arm-none-eabi/12.3.1/../../../../arm-none-eabi/lib/thumb/v7e-m+fp/hard\libm.a(libm_a-k_cos.o)
                0x08007f60                __kernel_cos
 *fill*         0x080080ec        0x4 
 .text.__kernel_sin
                0x080080f0      0x174 C:/ST/STM32CubeIDE_1.14.0/STM32CubeIDE/plugins/com.st.stm32cube.ide.mcu.externaltools.gnu-tools-for-stm32.12.3.rel1.win32_1.0.100.202403111256/tools/bin/../lib/gcc/arm-none-eabi/12.3.1/../../../../arm-none-eabi/lib/thumb/v7e-m+fp/hard\libm.a(libm_a-k_sin.o)
                0x080080f0                __kernel_sin
 *fill*         0x08008264        0x4 
 .text.__ieee754_rem_pio2
                0x08008268      0x3f8 C:/ST/STM32CubeIDE_1.14.0/STM32CubeIDE/plugins/com.st.stm32cube.ide.mcu.externaltools.gnu-tools-for-stm32.12.3.rel1.win32_1.0.100.202403111256/tools/bin/../lib/gcc/arm-none-eabi/12.3.1/../../../../arm-none-eabi/lib/thumb/v7e-m+fp/hard\libm.a(libm_a-e_rem_pio2.o)
                0x08008268                __ieee754_rem_pio2
 .text.fabs     0x08008660       0x10 C:/ST/STM32CubeIDE_1.14.0/STM32CubeIDE/plugins/com.st.stm32cube.ide.mcu.externaltools.gnu-tools-for-stm32.12.3.rel1.win32_1.0.100.202403111256/tools/bin/../lib/gcc/arm-none-eabi/12.3.1/../../../../arm-none-eabi/lib/thumb/v7e-m+fp/hard\libm.a(libm_a-s_fabs.o)
                0x08008660                fabs
 .text.__kernel_rem_pio2
                0x08008670      0x6b0 C:/ST/STM32CubeIDE_1.14.0/STM32CubeIDE/plugins/com.st.stm32cube.ide.mcu.externaltools.gnu-tools-for-stm32.12.3.rel1.win32_1.0.100.202403111256/tools/bin/../lib/gcc/arm-none-eabi/12.3.1/../../../../arm-none-eabi/lib/thumb/v7e-m+fp/hard\libm.a(libm_a-k_rem_pio2.o)
                0x08008670                __kernel_rem_pio2
 .text.scalbn   0x08008d20       0xfc C:/ST/STM32CubeIDE_1.14.0/STM32CubeIDE/plugins/com.st.stm32cube.ide.mcu.externaltools.gnu-tools-for-stm32.12.3.rel1.win32_1.0.100.202403111256/tools/bin/../lib/gcc/arm-none-eabi/12.3.1/../../../../arm-none-eabi/lib/thumb/v7e-m+fp/hard\libm.a(libm_a-s_scalbn.o)
                0x08008d20                scalbn
 *fill*         0x08008e1c        0x4 
 .text.floor    0x08008e20       0xf8 C:/ST/STM32CubeIDE_1.14.0/STM32CubeIDE/plugins/com.st.stm32cube.ide.mcu.externaltools.gnu-tools-for-stm32.12.3.rel1.win32_1.0.100.202403111256/tools/bin/../lib/gcc/arm-none-eabi/12.3.1/../../../../arm-none-eabi/lib/thumb/v7e-m+fp/hard\libm.a(libm_a-s_floor.o)
                0x08008e20                floor
 *(.glue_7)
 .glue_7        0x08008f18        0x0 linker stubs
 *(.glue_7t)
 .glue_7t       0x08008f18        0x0 linker stubs
 *(.eh_frame)
 .eh_frame      0x08008f18        0x0 C:/ST/STM32CubeIDE_1.14.0/STM32CubeIDE/plugins/com.st.stm32cube.ide.mcu.externaltools.gnu-tools-for-stm32.12.3.rel1.win32_1.0.100.202403111256/tools/bin/../lib/gcc/arm-none-eabi/12.3.1/thumb/v7e-m+fp/hard/crtbegin.o
 *(.init)
 .init          0x08008f18        0x4 C:/ST/STM32CubeIDE_1.14.0/STM32CubeIDE/plugins/com.st.stm32cube.ide.mcu.externaltools.gnu-tools-for-stm32.12.3.rel1.win32_1.0.100.202403111256/tools/bin/../lib/gcc/arm-none-eabi/12.3.1/thumb/v7e-m+fp/hard/crti.o
                0x08008f18                _init
 .init          0x08008f1c        0x8 C:/ST/STM32CubeIDE_1.14.0/STM32CubeIDE/plugins/com.st.stm32cube.ide.mcu.externaltools.gnu-tools-for-stm32.12.3.rel1.win32_1.0.100.202403111256/tools/bin/../lib/gcc/arm-none-eabi/12.3.1/thumb/v7e-m+fp/hard/crtn.o
 *(.fini)
 .fini          0x08008f24        0x4 C:/ST/STM32CubeIDE_1.14.0/STM32CubeIDE/plugins/com.st.stm32cube.ide.mcu.externaltools.gnu-tools-for-stm32.12.3.rel1.win32_1.0.100.202403111256/tools/bin/../lib/gcc/arm-none-eabi/12.3.1/thumb/v7e-m+fp/hard/crti.o
                0x08008f24                _fini
 .fini          0x08008f28        0x8 C:/ST/STM32CubeIDE_1.14.0/STM32CubeIDE/plugins/com.st.stm32cube.ide.mcu.externaltools.gnu-tools-for-stm32.12.3.rel1.win32_1.0.100.202403111256/tools/bin/../lib/gcc/arm-none-eabi/12.3.1/thumb/v7e-m+fp/hard/crtn.o
                0x08008f30                        . = ALIGN (0x4)
                0x08008f30                        _etext = .

.vfp11_veneer   0x08008f30        0x0
 .vfp11_veneer  0x08008f30        0x0 linker stubs

.v4_bx          0x08008f30        0x0
 .v4_bx         0x08008f30        0x0 linker stubs

.iplt           0x08008f30        0x0
 .iplt          0x08008f30        0x0 C:/ST/STM32CubeIDE_1.14.0/STM32CubeIDE/plugins/com.st.stm32cube.ide.mcu.externaltools.gnu-tools-for-stm32.12.3.rel1.win32_1.0.100.202403111256/tools/bin/../lib/gcc/arm-none-eabi/12.3.1/thumb/v7e-m+fp/hard/crtbegin.o

.rodata         0x08008f30     0x3178
                0x08008f30                        . = ALIGN (0x4)
 *(.rodata)
 .rodata        0x08008f30        0x6 ./Core/Src/main.o
 *(.rodata*)
 *fill*         0x08008f36        0x2 
 .rodata.ascii_1608
                0x08008f38      0x5f0 ./Core/Src/lcd.o
                0x08008f38                ascii_1608
 .rodata.ascii_2412
                0x08009528     0x11d0 ./Core/Src/lcd.o
                0x08009528                ascii_2412
 .rodata.ascii_3216
                0x0800a6f8     0x17c0 ./Core/Src/lcd.o
                0x0800a6f8                ascii_3216
 .rodata.AHBPrescTable
                0x0800beb8       0x10 ./Core/Src/system_stm32f4xx.o
                0x0800beb8                AHBPrescTable
 .rodata.APBPrescTable
                0x0800bec8        0x8 ./Core/Src/system_stm32f4xx.o
                0x0800bec8                APBPrescTable
 .rodata.npio2_hw
                0x0800bed0       0x80 C:/ST/STM32CubeIDE_1.14.0/STM32CubeIDE/plugins/com.st.stm32cube.ide.mcu.externaltools.gnu-tools-for-stm32.12.3.rel1.win32_1.0.100.202403111256/tools/bin/../lib/gcc/arm-none-eabi/12.3.1/../../../../arm-none-eabi/lib/thumb/v7e-m+fp/hard\libm.a(libm_a-e_rem_pio2.o)
 .rodata.two_over_pi
                0x0800bf50      0x108 C:/ST/STM32CubeIDE_1.14.0/STM32CubeIDE/plugins/com.st.stm32cube.ide.mcu.externaltools.gnu-tools-for-stm32.12.3.rel1.win32_1.0.100.202403111256/tools/bin/../lib/gcc/arm-none-eabi/12.3.1/../../../../arm-none-eabi/lib/thumb/v7e-m+fp/hard\libm.a(libm_a-e_rem_pio2.o)
 .rodata.PIo2   0x0800c058       0x40 C:/ST/STM32CubeIDE_1.14.0/STM32CubeIDE/plugins/com.st.stm32cube.ide.mcu.externaltools.gnu-tools-for-stm32.12.3.rel1.win32_1.0.100.202403111256/tools/bin/../lib/gcc/arm-none-eabi/12.3.1/../../../../arm-none-eabi/lib/thumb/v7e-m+fp/hard\libm.a(libm_a-k_rem_pio2.o)
 .rodata.init_jk
                0x0800c098       0x10 C:/ST/STM32CubeIDE_1.14.0/STM32CubeIDE/plugins/com.st.stm32cube.ide.mcu.externaltools.gnu-tools-for-stm32.12.3.rel1.win32_1.0.100.202403111256/tools/bin/../lib/gcc/arm-none-eabi/12.3.1/../../../../arm-none-eabi/lib/thumb/v7e-m+fp/hard\libm.a(libm_a-k_rem_pio2.o)
                0x0800c0a8                        . = ALIGN (0x4)

.ARM.extab      0x0800c0a8        0x0
                0x0800c0a8                        . = ALIGN (0x4)
 *(.ARM.extab* .gnu.linkonce.armextab.*)
                0x0800c0a8                        . = ALIGN (0x4)

.ARM            0x0800c0a8        0x8
                0x0800c0a8                        . = ALIGN (0x4)
                0x0800c0a8                        __exidx_start = .
 *(.ARM.exidx*)
 .ARM.exidx     0x0800c0a8        0x8 C:/ST/STM32CubeIDE_1.14.0/STM32CubeIDE/plugins/com.st.stm32cube.ide.mcu.externaltools.gnu-tools-for-stm32.12.3.rel1.win32_1.0.100.202403111256/tools/bin/../lib/gcc/arm-none-eabi/12.3.1/thumb/v7e-m+fp/hard\libgcc.a(_udivmoddi4.o)
                0x0800c0b0                        __exidx_end = .
                0x0800c0b0                        . = ALIGN (0x4)

.preinit_array  0x0800c0b0        0x0
                0x0800c0b0                        . = ALIGN (0x4)
                0x0800c0b0                        PROVIDE (__preinit_array_start = .)
 *(.preinit_array*)
                0x0800c0b0                        PROVIDE (__preinit_array_end = .)
                0x0800c0b0                        . = ALIGN (0x4)

.init_array     0x0800c0b0        0x4
                0x0800c0b0                        . = ALIGN (0x4)
                0x0800c0b0                        PROVIDE (__init_array_start = .)
 *(SORT_BY_NAME(.init_array.*))
 *(.init_array*)
 .init_array    0x0800c0b0        0x4 C:/ST/STM32CubeIDE_1.14.0/STM32CubeIDE/plugins/com.st.stm32cube.ide.mcu.externaltools.gnu-tools-for-stm32.12.3.rel1.win32_1.0.100.202403111256/tools/bin/../lib/gcc/arm-none-eabi/12.3.1/thumb/v7e-m+fp/hard/crtbegin.o
                0x0800c0b4                        PROVIDE (__init_array_end = .)
                0x0800c0b4                        . = ALIGN (0x4)

.fini_array     0x0800c0b4        0x4
                0x0800c0b4                        . = ALIGN (0x4)
                [!provide]                        PROVIDE (__fini_array_start = .)
 *(SORT_BY_NAME(.fini_array.*))
 *(.fini_array*)
 .fini_array    0x0800c0b4        0x4 C:/ST/STM32CubeIDE_1.14.0/STM32CubeIDE/plugins/com.st.stm32cube.ide.mcu.externaltools.gnu-tools-for-stm32.12.3.rel1.win32_1.0.100.202403111256/tools/bin/../lib/gcc/arm-none-eabi/12.3.1/thumb/v7e-m+fp/hard/crtbegin.o
                [!provide]                        PROVIDE (__fini_array_end = .)
                0x0800c0b8                        . = ALIGN (0x4)
                0x0800c0b8                        _sidata = LOADADDR (.data)

.rel.dyn        0x0800c0b8        0x0
 .rel.iplt      0x0800c0b8        0x0 C:/ST/STM32CubeIDE_1.14.0/STM32CubeIDE/plugins/com.st.stm32cube.ide.mcu.externaltools.gnu-tools-for-stm32.12.3.rel1.win32_1.0.100.202403111256/tools/bin/../lib/gcc/arm-none-eabi/12.3.1/thumb/v7e-m+fp/hard/crtbegin.o

.data           0x20000000       0x2c load address 0x0800c0b8
                0x20000000                        . = ALIGN (0x4)
                0x20000000                        _sdata = .
 *(.data)
 *(.data*)
 .data.set_time
                0x20000000        0xa ./Core/Src/ds3231.o
                0x20000000                set_time
 *fill*         0x2000000a        0x2 
 .data.led_7seg
                0x2000000c        0x4 ./Core/Src/led7Seg.o
 .data.led_7seg_map_of_output
                0x20000010        0xa ./Core/Src/led7Seg.o
 .data.spi_buffer
                0x2000001a        0x2 ./Core/Src/led7Seg.o
 .data.previous_mode_config
                0x2000001c        0x1 ./Core/Src/main.o
                0x2000001c                previous_mode_config
 *fill*         0x2000001d        0x3 
 .data.SystemCoreClock
                0x20000020        0x4 ./Core/Src/system_stm32f4xx.o
                0x20000020                SystemCoreClock
 .data.uwTickPrio
                0x20000024        0x4 ./Drivers/STM32F4xx_HAL_Driver/Src/stm32f4xx_hal.o
                0x20000024                uwTickPrio
 .data.uwTickFreq
                0x20000028        0x1 ./Drivers/STM32F4xx_HAL_Driver/Src/stm32f4xx_hal.o
                0x20000028                uwTickFreq
 *(.RamFunc)
 *(.RamFunc*)
                0x2000002c                        . = ALIGN (0x4)
 *fill*         0x20000029        0x3 
                0x2000002c                        _edata = .
                0x0800c0e4                        _siccmram = LOADADDR (.ccmram)

.igot.plt       0x2000002c        0x0 load address 0x0800c0e4
 .igot.plt      0x2000002c        0x0 C:/ST/STM32CubeIDE_1.14.0/STM32CubeIDE/plugins/com.st.stm32cube.ide.mcu.externaltools.gnu-tools-for-stm32.12.3.rel1.win32_1.0.100.202403111256/tools/bin/../lib/gcc/arm-none-eabi/12.3.1/thumb/v7e-m+fp/hard/crtbegin.o

.ccmram         0x10000000        0x0 load address 0x0800c0e4
                0x10000000                        . = ALIGN (0x4)
                0x10000000                        _sccmram = .
 *(.ccmram)
 *(.ccmram*)
                0x10000000                        . = ALIGN (0x4)
                0x10000000                        _eccmram = .
                0x10000000                        . = ALIGN (0x4)

.bss            0x2000002c      0x218
                0x2000002c                        _sbss = .
                0x2000002c                        __bss_start__ = _sbss
 *(.bss)
 .bss           0x2000002c       0x1c C:/ST/STM32CubeIDE_1.14.0/STM32CubeIDE/plugins/com.st.stm32cube.ide.mcu.externaltools.gnu-tools-for-stm32.12.3.rel1.win32_1.0.100.202403111256/tools/bin/../lib/gcc/arm-none-eabi/12.3.1/thumb/v7e-m+fp/hard/crtbegin.o
 *(.bss*)
 .bss.button_count
                0x20000048       0x20 ./Core/Src/button.o
                0x20000048                button_count
 .bss.button_spi_buffer
                0x20000068        0x2 ./Core/Src/button.o
 *fill*         0x2000006a        0x2 
 .bss.current_time
                0x2000006c        0xa ./Core/Src/ds3231.o
                0x2000006c                current_time
 *fill*         0x20000076        0x2 
 .bss.ds3231_buffer
                0x20000078        0x7 ./Core/Src/ds3231.o
                0x20000078                ds3231_buffer
 *fill*         0x2000007f        0x1 
 .bss.hsram1    0x20000080       0x50 ./Core/Src/fsmc.o
                0x20000080                hsram1
 .bss.FSMC_Initialized
                0x200000d0        0x4 ./Core/Src/fsmc.o
 .bss.hi2c1     0x200000d4       0x54 ./Core/Src/i2c.o
                0x200000d4                hi2c1
 .bss.lcddev    0x20000128        0x6 ./Core/Src/lcd.o
                0x20000128                lcddev
 .bss.led_7seg_index
                0x2000012e        0x2 ./Core/Src/led7Seg.o
 .bss.current_mode
                0x20000130        0x1 ./Core/Src/main.o
                0x20000130                current_mode
 .bss.previous_mode
                0x20000131        0x1 ./Core/Src/main.o
                0x20000131                previous_mode
 .bss.current_mode_config
                0x20000132        0x1 ./Core/Src/main.o
                0x20000132                current_mode_config
 *fill*         0x20000133        0x1 
 .bss.counter.5
                0x20000134        0x4 ./Core/Src/main.o
 .bss.counter.4
                0x20000138        0x4 ./Core/Src/main.o
 .bss.counter.3
                0x2000013c        0x4 ./Core/Src/main.o
 .bss.angle_sec.2
                0x20000140        0x4 ./Core/Src/main.o
 .bss.angle_min.1
                0x20000144        0x4 ./Core/Src/main.o
 .bss.angle_hour.0
                0x20000148        0x4 ./Core/Src/main.o
 .bss.timer_2_flag
                0x2000014c        0x1 ./Core/Src/sTimer.o
                0x2000014c                timer_2_flag
 *fill*         0x2000014d        0x1 
 .bss.timer_2_counter
                0x2000014e        0x2 ./Core/Src/sTimer.o
                0x2000014e                timer_2_counter
 .bss.timer_2_mul
                0x20000150        0x2 ./Core/Src/sTimer.o
                0x20000150                timer_2_mul
 .bss.timer_4_flag
                0x20000152        0x1 ./Core/Src/sTimer.o
                0x20000152                timer_4_flag
 *fill*         0x20000153        0x1 
 .bss.timer_4_counter
                0x20000154        0x2 ./Core/Src/sTimer.o
                0x20000154                timer_4_counter
 .bss.timer_4_mul
                0x20000156        0x2 ./Core/Src/sTimer.o
                0x20000156                timer_4_mul
 .bss.hspi1     0x20000158       0x58 ./Core/Src/spi.o
                0x20000158                hspi1
 .bss.htim2     0x200001b0       0x48 ./Core/Src/tim.o
                0x200001b0                htim2
 .bss.htim4     0x200001f8       0x48 ./Core/Src/tim.o
                0x200001f8                htim4
 .bss.uwTick    0x20000240        0x4 ./Drivers/STM32F4xx_HAL_Driver/Src/stm32f4xx_hal.o
                0x20000240                uwTick
 *(COMMON)
                0x20000244                        . = ALIGN (0x4)
                0x20000244                        _ebss = .
                0x20000244                        __bss_end__ = _ebss

._user_heap_stack
                0x20000244      0x604
                0x20000248                        . = ALIGN (0x8)
 *fill*         0x20000244        0x4 
                [!provide]                        PROVIDE (end = .)
                0x20000248                        PROVIDE (_end = .)
                0x20000448                        . = (. + _Min_Heap_Size)
 *fill*         0x20000248      0x200 
                0x20000848                        . = (. + _Min_Stack_Size)
 *fill*         0x20000448      0x400 
                0x20000848                        . = ALIGN (0x8)

/DISCARD/
 libc.a(*)
 libm.a(*)
 libgcc.a(*)

.ARM.attributes
                0x00000000       0x30
 *(.ARM.attributes)
 .ARM.attributes
                0x00000000       0x22 C:/ST/STM32CubeIDE_1.14.0/STM32CubeIDE/plugins/com.st.stm32cube.ide.mcu.externaltools.gnu-tools-for-stm32.12.3.rel1.win32_1.0.100.202403111256/tools/bin/../lib/gcc/arm-none-eabi/12.3.1/thumb/v7e-m+fp/hard/crti.o
 .ARM.attributes
                0x00000022       0x34 C:/ST/STM32CubeIDE_1.14.0/STM32CubeIDE/plugins/com.st.stm32cube.ide.mcu.externaltools.gnu-tools-for-stm32.12.3.rel1.win32_1.0.100.202403111256/tools/bin/../lib/gcc/arm-none-eabi/12.3.1/thumb/v7e-m+fp/hard/crtbegin.o
 .ARM.attributes
                0x00000056       0x34 ./Core/Src/button.o
 .ARM.attributes
                0x0000008a       0x34 ./Core/Src/ds3231.o
 .ARM.attributes
                0x000000be       0x34 ./Core/Src/fsmc.o
 .ARM.attributes
                0x000000f2       0x34 ./Core/Src/gpio.o
 .ARM.attributes
                0x00000126       0x34 ./Core/Src/i2c.o
 .ARM.attributes
                0x0000015a       0x34 ./Core/Src/lcd.o
 .ARM.attributes
                0x0000018e       0x34 ./Core/Src/led7Seg.o
 .ARM.attributes
                0x000001c2       0x34 ./Core/Src/main.o
 .ARM.attributes
                0x000001f6       0x34 ./Core/Src/sTimer.o
 .ARM.attributes
                0x0000022a       0x34 ./Core/Src/spi.o
 .ARM.attributes
                0x0000025e       0x34 ./Core/Src/stm32f4xx_hal_msp.o
 .ARM.attributes
                0x00000292       0x34 ./Core/Src/stm32f4xx_it.o
 .ARM.attributes
                0x000002c6       0x34 ./Core/Src/system_stm32f4xx.o
 .ARM.attributes
                0x000002fa       0x34 ./Core/Src/tim.o
 .ARM.attributes
                0x0000032e       0x34 ./Core/Src/utils.o
 .ARM.attributes
                0x00000362       0x21 ./Core/Startup/startup_stm32f407zgtx.o
 .ARM.attributes
                0x00000383       0x34 ./Drivers/STM32F4xx_HAL_Driver/Src/stm32f4xx_hal.o
 .ARM.attributes
                0x000003b7       0x34 ./Drivers/STM32F4xx_HAL_Driver/Src/stm32f4xx_hal_cortex.o
 .ARM.attributes
                0x000003eb       0x34 ./Drivers/STM32F4xx_HAL_Driver/Src/stm32f4xx_hal_gpio.o
 .ARM.attributes
                0x0000041f       0x34 ./Drivers/STM32F4xx_HAL_Driver/Src/stm32f4xx_hal_i2c.o
 .ARM.attributes
                0x00000453       0x34 ./Drivers/STM32F4xx_HAL_Driver/Src/stm32f4xx_hal_rcc.o
 .ARM.attributes
                0x00000487       0x34 ./Drivers/STM32F4xx_HAL_Driver/Src/stm32f4xx_hal_spi.o
 .ARM.attributes
                0x000004bb       0x34 ./Drivers/STM32F4xx_HAL_Driver/Src/stm32f4xx_hal_sram.o
 .ARM.attributes
                0x000004ef       0x34 ./Drivers/STM32F4xx_HAL_Driver/Src/stm32f4xx_hal_tim.o
 .ARM.attributes
                0x00000523       0x34 ./Drivers/STM32F4xx_HAL_Driver/Src/stm32f4xx_hal_tim_ex.o
 .ARM.attributes
                0x00000557       0x34 ./Drivers/STM32F4xx_HAL_Driver/Src/stm32f4xx_ll_fsmc.o
 .ARM.attributes
                0x0000058b       0x34 C:/ST/STM32CubeIDE_1.14.0/STM32CubeIDE/plugins/com.st.stm32cube.ide.mcu.externaltools.gnu-tools-for-stm32.12.3.rel1.win32_1.0.100.202403111256/tools/bin/../lib/gcc/arm-none-eabi/12.3.1/../../../../arm-none-eabi/lib/thumb/v7e-m+fp/hard\libc_nano.a(libc_a-memset.o)
 .ARM.attributes
                0x000005bf       0x34 C:/ST/STM32CubeIDE_1.14.0/STM32CubeIDE/plugins/com.st.stm32cube.ide.mcu.externaltools.gnu-tools-for-stm32.12.3.rel1.win32_1.0.100.202403111256/tools/bin/../lib/gcc/arm-none-eabi/12.3.1/../../../../arm-none-eabi/lib/thumb/v7e-m+fp/hard\libc_nano.a(libc_a-init.o)
 .ARM.attributes
                0x000005f3       0x34 C:/ST/STM32CubeIDE_1.14.0/STM32CubeIDE/plugins/com.st.stm32cube.ide.mcu.externaltools.gnu-tools-for-stm32.12.3.rel1.win32_1.0.100.202403111256/tools/bin/../lib/gcc/arm-none-eabi/12.3.1/../../../../arm-none-eabi/lib/thumb/v7e-m+fp/hard\libm.a(libm_a-s_cos.o)
 .ARM.attributes
                0x00000627       0x34 C:/ST/STM32CubeIDE_1.14.0/STM32CubeIDE/plugins/com.st.stm32cube.ide.mcu.externaltools.gnu-tools-for-stm32.12.3.rel1.win32_1.0.100.202403111256/tools/bin/../lib/gcc/arm-none-eabi/12.3.1/../../../../arm-none-eabi/lib/thumb/v7e-m+fp/hard\libm.a(libm_a-s_sin.o)
 .ARM.attributes
                0x0000065b       0x34 C:/ST/STM32CubeIDE_1.14.0/STM32CubeIDE/plugins/com.st.stm32cube.ide.mcu.externaltools.gnu-tools-for-stm32.12.3.rel1.win32_1.0.100.202403111256/tools/bin/../lib/gcc/arm-none-eabi/12.3.1/../../../../arm-none-eabi/lib/thumb/v7e-m+fp/hard\libm.a(libm_a-k_cos.o)
 .ARM.attributes
                0x0000068f       0x34 C:/ST/STM32CubeIDE_1.14.0/STM32CubeIDE/plugins/com.st.stm32cube.ide.mcu.externaltools.gnu-tools-for-stm32.12.3.rel1.win32_1.0.100.202403111256/tools/bin/../lib/gcc/arm-none-eabi/12.3.1/../../../../arm-none-eabi/lib/thumb/v7e-m+fp/hard\libm.a(libm_a-k_sin.o)
 .ARM.attributes
                0x000006c3       0x34 C:/ST/STM32CubeIDE_1.14.0/STM32CubeIDE/plugins/com.st.stm32cube.ide.mcu.externaltools.gnu-tools-for-stm32.12.3.rel1.win32_1.0.100.202403111256/tools/bin/../lib/gcc/arm-none-eabi/12.3.1/../../../../arm-none-eabi/lib/thumb/v7e-m+fp/hard\libm.a(libm_a-e_rem_pio2.o)
 .ARM.attributes
                0x000006f7       0x34 C:/ST/STM32CubeIDE_1.14.0/STM32CubeIDE/plugins/com.st.stm32cube.ide.mcu.externaltools.gnu-tools-for-stm32.12.3.rel1.win32_1.0.100.202403111256/tools/bin/../lib/gcc/arm-none-eabi/12.3.1/../../../../arm-none-eabi/lib/thumb/v7e-m+fp/hard\libm.a(libm_a-s_fabs.o)
 .ARM.attributes
                0x0000072b       0x34 C:/ST/STM32CubeIDE_1.14.0/STM32CubeIDE/plugins/com.st.stm32cube.ide.mcu.externaltools.gnu-tools-for-stm32.12.3.rel1.win32_1.0.100.202403111256/tools/bin/../lib/gcc/arm-none-eabi/12.3.1/../../../../arm-none-eabi/lib/thumb/v7e-m+fp/hard\libm.a(libm_a-k_rem_pio2.o)
 .ARM.attributes
                0x0000075f       0x34 C:/ST/STM32CubeIDE_1.14.0/STM32CubeIDE/plugins/com.st.stm32cube.ide.mcu.externaltools.gnu-tools-for-stm32.12.3.rel1.win32_1.0.100.202403111256/tools/bin/../lib/gcc/arm-none-eabi/12.3.1/../../../../arm-none-eabi/lib/thumb/v7e-m+fp/hard\libm.a(libm_a-s_scalbn.o)
 .ARM.attributes
                0x00000793       0x34 C:/ST/STM32CubeIDE_1.14.0/STM32CubeIDE/plugins/com.st.stm32cube.ide.mcu.externaltools.gnu-tools-for-stm32.12.3.rel1.win32_1.0.100.202403111256/tools/bin/../lib/gcc/arm-none-eabi/12.3.1/../../../../arm-none-eabi/lib/thumb/v7e-m+fp/hard\libm.a(libm_a-s_floor.o)
 .ARM.attributes
                0x000007c7       0x22 C:/ST/STM32CubeIDE_1.14.0/STM32CubeIDE/plugins/com.st.stm32cube.ide.mcu.externaltools.gnu-tools-for-stm32.12.3.rel1.win32_1.0.100.202403111256/tools/bin/../lib/gcc/arm-none-eabi/12.3.1/thumb/v7e-m+fp/hard\libgcc.a(_arm_addsubdf3.o)
 .ARM.attributes
                0x000007e9       0x22 C:/ST/STM32CubeIDE_1.14.0/STM32CubeIDE/plugins/com.st.stm32cube.ide.mcu.externaltools.gnu-tools-for-stm32.12.3.rel1.win32_1.0.100.202403111256/tools/bin/../lib/gcc/arm-none-eabi/12.3.1/thumb/v7e-m+fp/hard\libgcc.a(_arm_muldivdf3.o)
 .ARM.attributes
                0x0000080b       0x22 C:/ST/STM32CubeIDE_1.14.0/STM32CubeIDE/plugins/com.st.stm32cube.ide.mcu.externaltools.gnu-tools-for-stm32.12.3.rel1.win32_1.0.100.202403111256/tools/bin/../lib/gcc/arm-none-eabi/12.3.1/thumb/v7e-m+fp/hard\libgcc.a(_arm_cmpdf2.o)
 .ARM.attributes
                0x0000082d       0x22 C:/ST/STM32CubeIDE_1.14.0/STM32CubeIDE/plugins/com.st.stm32cube.ide.mcu.externaltools.gnu-tools-for-stm32.12.3.rel1.win32_1.0.100.202403111256/tools/bin/../lib/gcc/arm-none-eabi/12.3.1/thumb/v7e-m+fp/hard\libgcc.a(_arm_fixdfsi.o)
 .ARM.attributes
                0x0000084f       0x22 C:/ST/STM32CubeIDE_1.14.0/STM32CubeIDE/plugins/com.st.stm32cube.ide.mcu.externaltools.gnu-tools-for-stm32.12.3.rel1.win32_1.0.100.202403111256/tools/bin/../lib/gcc/arm-none-eabi/12.3.1/thumb/v7e-m+fp/hard\libgcc.a(_arm_truncdfsf2.o)
 .ARM.attributes
                0x00000871       0x22 C:/ST/STM32CubeIDE_1.14.0/STM32CubeIDE/plugins/com.st.stm32cube.ide.mcu.externaltools.gnu-tools-for-stm32.12.3.rel1.win32_1.0.100.202403111256/tools/bin/../lib/gcc/arm-none-eabi/12.3.1/thumb/v7e-m+fp/hard\libgcc.a(_aeabi_uldivmod.o)
 .ARM.attributes
                0x00000893       0x34 C:/ST/STM32CubeIDE_1.14.0/STM32CubeIDE/plugins/com.st.stm32cube.ide.mcu.externaltools.gnu-tools-for-stm32.12.3.rel1.win32_1.0.100.202403111256/tools/bin/../lib/gcc/arm-none-eabi/12.3.1/thumb/v7e-m+fp/hard\libgcc.a(_udivmoddi4.o)
 .ARM.attributes
                0x000008c7       0x22 C:/ST/STM32CubeIDE_1.14.0/STM32CubeIDE/plugins/com.st.stm32cube.ide.mcu.externaltools.gnu-tools-for-stm32.12.3.rel1.win32_1.0.100.202403111256/tools/bin/../lib/gcc/arm-none-eabi/12.3.1/thumb/v7e-m+fp/hard\libgcc.a(_dvmd_tls.o)
 .ARM.attributes
                0x000008e9       0x22 C:/ST/STM32CubeIDE_1.14.0/STM32CubeIDE/plugins/com.st.stm32cube.ide.mcu.externaltools.gnu-tools-for-stm32.12.3.rel1.win32_1.0.100.202403111256/tools/bin/../lib/gcc/arm-none-eabi/12.3.1/thumb/v7e-m+fp/hard/crtn.o
OUTPUT(lab4.elf elf32-littlearm)
LOAD linker stubs
LOAD C:/ST/STM32CubeIDE_1.14.0/STM32CubeIDE/plugins/com.st.stm32cube.ide.mcu.externaltools.gnu-tools-for-stm32.12.3.rel1.win32_1.0.100.202403111256/tools/bin/../lib/gcc/arm-none-eabi/12.3.1/../../../../arm-none-eabi/lib/thumb/v7e-m+fp/hard\libc.a
LOAD C:/ST/STM32CubeIDE_1.14.0/STM32CubeIDE/plugins/com.st.stm32cube.ide.mcu.externaltools.gnu-tools-for-stm32.12.3.rel1.win32_1.0.100.202403111256/tools/bin/../lib/gcc/arm-none-eabi/12.3.1/../../../../arm-none-eabi/lib/thumb/v7e-m+fp/hard\libm.a
LOAD C:/ST/STM32CubeIDE_1.14.0/STM32CubeIDE/plugins/com.st.stm32cube.ide.mcu.externaltools.gnu-tools-for-stm32.12.3.rel1.win32_1.0.100.202403111256/tools/bin/../lib/gcc/arm-none-eabi/12.3.1/thumb/v7e-m+fp/hard\libgcc.a

.debug_info     0x00000000    0x1330a
 .debug_info    0x00000000      0x76c ./Core/Src/button.o
 .debug_info    0x0000076c      0xda2 ./Core/Src/ds3231.o
 .debug_info    0x0000150e      0x9ee ./Core/Src/fsmc.o
 .debug_info    0x00001efc      0x45d ./Core/Src/gpio.o
 .debug_info    0x00002359      0x968 ./Core/Src/i2c.o
 .debug_info    0x00002cc1      0xd53 ./Core/Src/lcd.o
 .debug_info    0x00003a14      0x82a ./Core/Src/led7Seg.o
 .debug_info    0x0000423e      0xe5e ./Core/Src/main.o
 .debug_info    0x0000509c      0x7e8 ./Core/Src/sTimer.o
 .debug_info    0x00005884      0x943 ./Core/Src/spi.o
 .debug_info    0x000061c7      0x269 ./Core/Src/stm32f4xx_hal_msp.o
 .debug_info    0x00006430      0x6f9 ./Core/Src/stm32f4xx_it.o
 .debug_info    0x00006b29      0x512 ./Core/Src/system_stm32f4xx.o
 .debug_info    0x0000703b      0xc62 ./Core/Src/tim.o
 .debug_info    0x00007c9d       0xe3 ./Core/Src/utils.o
 .debug_info    0x00007d80       0x30 ./Core/Startup/startup_stm32f407zgtx.o
 .debug_info    0x00007db0      0x944 ./Drivers/STM32F4xx_HAL_Driver/Src/stm32f4xx_hal.o
 .debug_info    0x000086f4      0xd57 ./Drivers/STM32F4xx_HAL_Driver/Src/stm32f4xx_hal_cortex.o
 .debug_info    0x0000944b      0x6c3 ./Drivers/STM32F4xx_HAL_Driver/Src/stm32f4xx_hal_gpio.o
 .debug_info    0x00009b0e     0x2415 ./Drivers/STM32F4xx_HAL_Driver/Src/stm32f4xx_hal_i2c.o
 .debug_info    0x0000bf23      0x8b1 ./Drivers/STM32F4xx_HAL_Driver/Src/stm32f4xx_hal_rcc.o
 .debug_info    0x0000c7d4     0x15fb ./Drivers/STM32F4xx_HAL_Driver/Src/stm32f4xx_hal_spi.o
 .debug_info    0x0000ddcf      0xd39 ./Drivers/STM32F4xx_HAL_Driver/Src/stm32f4xx_hal_sram.o
 .debug_info    0x0000eb08     0x299d ./Drivers/STM32F4xx_HAL_Driver/Src/stm32f4xx_hal_tim.o
 .debug_info    0x000114a5     0x14db ./Drivers/STM32F4xx_HAL_Driver/Src/stm32f4xx_hal_tim_ex.o
 .debug_info    0x00012980      0x98a ./Drivers/STM32F4xx_HAL_Driver/Src/stm32f4xx_ll_fsmc.o

.debug_abbrev   0x00000000     0x3359
 .debug_abbrev  0x00000000      0x1cc ./Core/Src/button.o
 .debug_abbrev  0x000001cc      0x2a0 ./Core/Src/ds3231.o
 .debug_abbrev  0x0000046c      0x212 ./Core/Src/fsmc.o
 .debug_abbrev  0x0000067e      0x152 ./Core/Src/gpio.o
 .debug_abbrev  0x000007d0      0x1f1 ./Core/Src/i2c.o
 .debug_abbrev  0x000009c1      0x311 ./Core/Src/lcd.o
 .debug_abbrev  0x00000cd2      0x1e1 ./Core/Src/led7Seg.o
 .debug_abbrev  0x00000eb3      0x2e1 ./Core/Src/main.o
 .debug_abbrev  0x00001194      0x1fb ./Core/Src/sTimer.o
 .debug_abbrev  0x0000138f      0x1f3 ./Core/Src/spi.o
 .debug_abbrev  0x00001582       0xd8 ./Core/Src/stm32f4xx_hal_msp.o
 .debug_abbrev  0x0000165a      0x194 ./Core/Src/stm32f4xx_it.o
 .debug_abbrev  0x000017ee      0x11a ./Core/Src/system_stm32f4xx.o
 .debug_abbrev  0x00001908      0x206 ./Core/Src/tim.o
 .debug_abbrev  0x00001b0e       0x86 ./Core/Src/utils.o
 .debug_abbrev  0x00001b94       0x24 ./Core/Startup/startup_stm32f407zgtx.o
 .debug_abbrev  0x00001bb8      0x214 ./Drivers/STM32F4xx_HAL_Driver/Src/stm32f4xx_hal.o
 .debug_abbrev  0x00001dcc      0x328 ./Drivers/STM32F4xx_HAL_Driver/Src/stm32f4xx_hal_cortex.o
 .debug_abbrev  0x000020f4      0x1d4 ./Drivers/STM32F4xx_HAL_Driver/Src/stm32f4xx_hal_gpio.o
 .debug_abbrev  0x000022c8      0x2ad ./Drivers/STM32F4xx_HAL_Driver/Src/stm32f4xx_hal_i2c.o
 .debug_abbrev  0x00002575      0x2b6 ./Drivers/STM32F4xx_HAL_Driver/Src/stm32f4xx_hal_rcc.o
 .debug_abbrev  0x0000282b      0x284 ./Drivers/STM32F4xx_HAL_Driver/Src/stm32f4xx_hal_spi.o
 .debug_abbrev  0x00002aaf      0x20c ./Drivers/STM32F4xx_HAL_Driver/Src/stm32f4xx_hal_sram.o
 .debug_abbrev  0x00002cbb      0x278 ./Drivers/STM32F4xx_HAL_Driver/Src/stm32f4xx_hal_tim.o
 .debug_abbrev  0x00002f33      0x283 ./Drivers/STM32F4xx_HAL_Driver/Src/stm32f4xx_hal_tim_ex.o
 .debug_abbrev  0x000031b6      0x1a3 ./Drivers/STM32F4xx_HAL_Driver/Src/stm32f4xx_ll_fsmc.o

.debug_aranges  0x00000000     0x1318
 .debug_aranges
                0x00000000       0x28 ./Core/Src/button.o
 .debug_aranges
                0x00000028      0x100 ./Core/Src/ds3231.o
 .debug_aranges
                0x00000128       0x40 ./Core/Src/fsmc.o
 .debug_aranges
                0x00000168       0x20 ./Core/Src/gpio.o
 .debug_aranges
                0x00000188       0x30 ./Core/Src/i2c.o
 .debug_aranges
                0x000001b8       0xe0 ./Core/Src/lcd.o
 .debug_aranges
                0x00000298       0x50 ./Core/Src/led7Seg.o
 .debug_aranges
                0x000002e8       0x70 ./Core/Src/main.o
 .debug_aranges
                0x00000358       0x50 ./Core/Src/sTimer.o
 .debug_aranges
                0x000003a8       0x30 ./Core/Src/spi.o
 .debug_aranges
                0x000003d8       0x20 ./Core/Src/stm32f4xx_hal_msp.o
 .debug_aranges
                0x000003f8       0x70 ./Core/Src/stm32f4xx_it.o
 .debug_aranges
                0x00000468       0x28 ./Core/Src/system_stm32f4xx.o
 .debug_aranges
                0x00000490       0x38 ./Core/Src/tim.o
 .debug_aranges
                0x000004c8       0x28 ./Core/Src/utils.o
 .debug_aranges
                0x000004f0       0x28 ./Core/Startup/startup_stm32f407zgtx.o
 .debug_aranges
                0x00000518       0xf0 ./Drivers/STM32F4xx_HAL_Driver/Src/stm32f4xx_hal.o
 .debug_aranges
                0x00000608      0x120 ./Drivers/STM32F4xx_HAL_Driver/Src/stm32f4xx_hal_cortex.o
 .debug_aranges
                0x00000728       0x58 ./Drivers/STM32F4xx_HAL_Driver/Src/stm32f4xx_hal_gpio.o
 .debug_aranges
                0x00000780      0x2a8 ./Drivers/STM32F4xx_HAL_Driver/Src/stm32f4xx_hal_i2c.o
 .debug_aranges
                0x00000a28       0x88 ./Drivers/STM32F4xx_HAL_Driver/Src/stm32f4xx_hal_rcc.o
 .debug_aranges
                0x00000ab0      0x1d0 ./Drivers/STM32F4xx_HAL_Driver/Src/stm32f4xx_hal_spi.o
 .debug_aranges
                0x00000c80       0xb8 ./Drivers/STM32F4xx_HAL_Driver/Src/stm32f4xx_hal_sram.o
 .debug_aranges
                0x00000d38      0x3d0 ./Drivers/STM32F4xx_HAL_Driver/Src/stm32f4xx_hal_tim.o
 .debug_aranges
                0x00001108      0x168 ./Drivers/STM32F4xx_HAL_Driver/Src/stm32f4xx_hal_tim_ex.o
 .debug_aranges
                0x00001270       0xa8 ./Drivers/STM32F4xx_HAL_Driver/Src/stm32f4xx_ll_fsmc.o

.debug_rnglists
                0x00000000      0xec1
 .debug_rnglists
                0x00000000       0x1a ./Core/Src/button.o
 .debug_rnglists
                0x0000001a       0xc0 ./Core/Src/ds3231.o
 .debug_rnglists
                0x000000da       0x2d ./Core/Src/fsmc.o
 .debug_rnglists
                0x00000107       0x14 ./Core/Src/gpio.o
 .debug_rnglists
                0x0000011b       0x20 ./Core/Src/i2c.o
 .debug_rnglists
                0x0000013b       0xb0 ./Core/Src/lcd.o
 .debug_rnglists
                0x000001eb       0x38 ./Core/Src/led7Seg.o
 .debug_rnglists
                0x00000223       0x55 ./Core/Src/main.o
 .debug_rnglists
                0x00000278       0x38 ./Core/Src/sTimer.o
 .debug_rnglists
                0x000002b0       0x20 ./Core/Src/spi.o
 .debug_rnglists
                0x000002d0       0x13 ./Core/Src/stm32f4xx_hal_msp.o
 .debug_rnglists
                0x000002e3       0x4f ./Core/Src/stm32f4xx_it.o
 .debug_rnglists
                0x00000332       0x1a ./Core/Src/system_stm32f4xx.o
 .debug_rnglists
                0x0000034c       0x28 ./Core/Src/tim.o
 .debug_rnglists
                0x00000374       0x19 ./Core/Src/utils.o
 .debug_rnglists
                0x0000038d       0x19 ./Core/Startup/startup_stm32f407zgtx.o
 .debug_rnglists
                0x000003a6       0xaf ./Drivers/STM32F4xx_HAL_Driver/Src/stm32f4xx_hal.o
 .debug_rnglists
                0x00000455       0xd4 ./Drivers/STM32F4xx_HAL_Driver/Src/stm32f4xx_hal_cortex.o
 .debug_rnglists
                0x00000529       0x3f ./Drivers/STM32F4xx_HAL_Driver/Src/stm32f4xx_hal_gpio.o
 .debug_rnglists
                0x00000568      0x23c ./Drivers/STM32F4xx_HAL_Driver/Src/stm32f4xx_hal_i2c.o
 .debug_rnglists
                0x000007a4       0x66 ./Drivers/STM32F4xx_HAL_Driver/Src/stm32f4xx_hal_rcc.o
 .debug_rnglists
                0x0000080a      0x16f ./Drivers/STM32F4xx_HAL_Driver/Src/stm32f4xx_hal_spi.o
 .debug_rnglists
                0x00000979       0x8d ./Drivers/STM32F4xx_HAL_Driver/Src/stm32f4xx_hal_sram.o
 .debug_rnglists
                0x00000a06      0x31a ./Drivers/STM32F4xx_HAL_Driver/Src/stm32f4xx_hal_tim.o
 .debug_rnglists
                0x00000d20      0x125 ./Drivers/STM32F4xx_HAL_Driver/Src/stm32f4xx_hal_tim_ex.o
 .debug_rnglists
                0x00000e45       0x7c ./Drivers/STM32F4xx_HAL_Driver/Src/stm32f4xx_ll_fsmc.o

.debug_macro    0x00000000    0x23800
 .debug_macro   0x00000000      0x230 ./Core/Src/button.o
 .debug_macro   0x00000230      0xab4 ./Core/Src/button.o
 .debug_macro   0x00000ce4       0x22 ./Core/Src/button.o
 .debug_macro   0x00000d06       0x8e ./Core/Src/button.o
 .debug_macro   0x00000d94       0x51 ./Core/Src/button.o
 .debug_macro   0x00000de5      0x103 ./Core/Src/button.o
 .debug_macro   0x00000ee8       0x6a ./Core/Src/button.o
 .debug_macro   0x00000f52      0x1df ./Core/Src/button.o
 .debug_macro   0x00001131      0x2a7 ./Core/Src/button.o
 .debug_macro   0x000013d8       0x2e ./Core/Src/button.o
 .debug_macro   0x00001406       0x2f ./Core/Src/button.o
 .debug_macro   0x00001435       0x1c ./Core/Src/button.o
 .debug_macro   0x00001451       0x22 ./Core/Src/button.o
 .debug_macro   0x00001473       0xfb ./Core/Src/button.o
 .debug_macro   0x0000156e     0x1011 ./Core/Src/button.o
 .debug_macro   0x0000257f      0x11f ./Core/Src/button.o
 .debug_macro   0x0000269e    0x15e97 ./Core/Src/button.o
 .debug_macro   0x00018535       0x6d ./Core/Src/button.o
 .debug_macro   0x000185a2     0x368c ./Core/Src/button.o
 .debug_macro   0x0001bc2e      0x189 ./Core/Src/button.o
 .debug_macro   0x0001bdb7       0x5c ./Core/Src/button.o
 .debug_macro   0x0001be13      0x980 ./Core/Src/button.o
 .debug_macro   0x0001c793      0x9e9 ./Core/Src/button.o
 .debug_macro   0x0001d17c      0x115 ./Core/Src/button.o
 .debug_macro   0x0001d291      0x13e ./Core/Src/button.o
 .debug_macro   0x0001d3cf       0xa5 ./Core/Src/button.o
 .debug_macro   0x0001d474      0x174 ./Core/Src/button.o
 .debug_macro   0x0001d5e8      0x287 ./Core/Src/button.o
 .debug_macro   0x0001d86f       0x5f ./Core/Src/button.o
 .debug_macro   0x0001d8ce      0x236 ./Core/Src/button.o
 .debug_macro   0x0001db04      0x12c ./Core/Src/button.o
 .debug_macro   0x0001dc30      0x21e ./Core/Src/button.o
 .debug_macro   0x0001de4e       0x2e ./Core/Src/button.o
 .debug_macro   0x0001de7c      0x516 ./Core/Src/button.o
 .debug_macro   0x0001e392      0x1b5 ./Core/Src/button.o
 .debug_macro   0x0001e547       0xd6 ./Core/Src/button.o
 .debug_macro   0x0001e61d      0x127 ./Core/Src/button.o
 .debug_macro   0x0001e744       0x7e ./Core/Src/button.o
 .debug_macro   0x0001e7c2       0x89 ./Core/Src/button.o
 .debug_macro   0x0001e84b      0x225 ./Core/Src/button.o
 .debug_macro   0x0001ea70      0x8ed ./Core/Src/button.o
 .debug_macro   0x0001f35d       0x4d ./Core/Src/button.o
 .debug_macro   0x0001f3aa      0x12d ./Core/Src/button.o
 .debug_macro   0x0001f4d7       0x88 ./Core/Src/button.o
 .debug_macro   0x0001f55f      0x23b ./Core/Src/ds3231.o
 .debug_macro   0x0001f79a       0xd0 ./Core/Src/ds3231.o
 .debug_macro   0x0001f86a      0x21c ./Core/Src/fsmc.o
 .debug_macro   0x0001fa86      0x21c ./Core/Src/gpio.o
 .debug_macro   0x0001fca2      0x21c ./Core/Src/i2c.o
 .debug_macro   0x0001febe      0x33b ./Core/Src/lcd.o
 .debug_macro   0x000201f9       0xd6 ./Core/Src/lcd.o
 .debug_macro   0x000202cf       0x2a ./Core/Src/lcd.o
 .debug_macro   0x000202f9       0x61 ./Core/Src/lcd.o
 .debug_macro   0x0002035a       0x43 ./Core/Src/lcd.o
 .debug_macro   0x0002039d       0x34 ./Core/Src/lcd.o
 .debug_macro   0x000203d1       0x16 ./Core/Src/lcd.o
 .debug_macro   0x000203e7       0x35 ./Core/Src/lcd.o
 .debug_macro   0x0002041c       0x16 ./Core/Src/lcd.o
 .debug_macro   0x00020432       0x43 ./Core/Src/lcd.o
 .debug_macro   0x00020475       0x34 ./Core/Src/lcd.o
 .debug_macro   0x000204a9       0x10 ./Core/Src/lcd.o
 .debug_macro   0x000204b9       0x58 ./Core/Src/lcd.o
 .debug_macro   0x00020511       0x8e ./Core/Src/lcd.o
 .debug_macro   0x0002059f       0x1c ./Core/Src/lcd.o
 .debug_macro   0x000205bb      0x177 ./Core/Src/lcd.o
 .debug_macro   0x00020732      0x369 ./Core/Src/lcd.o
 .debug_macro   0x00020a9b       0x16 ./Core/Src/lcd.o
 .debug_macro   0x00020ab1       0x29 ./Core/Src/lcd.o
 .debug_macro   0x00020ada       0x16 ./Core/Src/lcd.o
 .debug_macro   0x00020af0       0x20 ./Core/Src/lcd.o
 .debug_macro   0x00020b10      0x226 ./Core/Src/led7Seg.o
 .debug_macro   0x00020d36      0x366 ./Core/Src/main.o
 .debug_macro   0x0002109c       0x16 ./Core/Src/main.o
 .debug_macro   0x000210b2       0xd6 ./Core/Src/main.o
 .debug_macro   0x00021188      0x19b ./Core/Src/main.o
 .debug_macro   0x00021323      0x235 ./Core/Src/sTimer.o
 .debug_macro   0x00021558       0x10 ./Core/Src/sTimer.o
 .debug_macro   0x00021568      0x21c ./Core/Src/spi.o
 .debug_macro   0x00021784      0x212 ./Core/Src/stm32f4xx_hal_msp.o
 .debug_macro   0x00021996      0x21c ./Core/Src/stm32f4xx_it.o
 .debug_macro   0x00021bb2      0x203 ./Core/Src/system_stm32f4xx.o
 .debug_macro   0x00021db5      0x21c ./Core/Src/tim.o
 .debug_macro   0x00021fd1      0x13e ./Core/Src/utils.o
 .debug_macro   0x0002210f      0x11c ./Core/Src/utils.o
 .debug_macro   0x0002222b       0x94 ./Core/Src/utils.o
 .debug_macro   0x000222bf      0x263 ./Drivers/STM32F4xx_HAL_Driver/Src/stm32f4xx_hal.o
 .debug_macro   0x00022522      0x203 ./Drivers/STM32F4xx_HAL_Driver/Src/stm32f4xx_hal_cortex.o
 .debug_macro   0x00022725      0x209 ./Drivers/STM32F4xx_HAL_Driver/Src/stm32f4xx_hal_gpio.o
 .debug_macro   0x0002292e      0x251 ./Drivers/STM32F4xx_HAL_Driver/Src/stm32f4xx_hal_i2c.o
 .debug_macro   0x00022b7f      0x227 ./Drivers/STM32F4xx_HAL_Driver/Src/stm32f4xx_hal_rcc.o
 .debug_macro   0x00022da6      0x212 ./Drivers/STM32F4xx_HAL_Driver/Src/stm32f4xx_hal_spi.o
 .debug_macro   0x00022fb8      0x203 ./Drivers/STM32F4xx_HAL_Driver/Src/stm32f4xx_hal_sram.o
 .debug_macro   0x000231bb      0x204 ./Drivers/STM32F4xx_HAL_Driver/Src/stm32f4xx_hal_tim.o
 .debug_macro   0x000233bf      0x203 ./Drivers/STM32F4xx_HAL_Driver/Src/stm32f4xx_hal_tim_ex.o
 .debug_macro   0x000235c2      0x23e ./Drivers/STM32F4xx_HAL_Driver/Src/stm32f4xx_ll_fsmc.o

.debug_line     0x00000000    0x1854a
 .debug_line    0x00000000      0x833 ./Core/Src/button.o
 .debug_line    0x00000833      0xc9c ./Core/Src/ds3231.o
 .debug_line    0x000014cf      0x8ae ./Core/Src/fsmc.o
 .debug_line    0x00001d7d      0x80c ./Core/Src/gpio.o
 .debug_line    0x00002589      0x817 ./Core/Src/i2c.o
 .debug_line    0x00002da0     0x10b1 ./Core/Src/lcd.o
 .debug_line    0x00003e51      0x8b6 ./Core/Src/led7Seg.o
 .debug_line    0x00004707      0xf62 ./Core/Src/main.o
 .debug_line    0x00005669      0x8aa ./Core/Src/sTimer.o
 .debug_line    0x00005f13      0x81f ./Core/Src/spi.o
 .debug_line    0x00006732      0x7ad ./Core/Src/stm32f4xx_hal_msp.o
 .debug_line    0x00006edf      0x8a0 ./Core/Src/stm32f4xx_it.o
 .debug_line    0x0000777f      0x832 ./Core/Src/system_stm32f4xx.o
 .debug_line    0x00007fb1      0x88f ./Core/Src/tim.o
 .debug_line    0x00008840      0x5ad ./Core/Src/utils.o
 .debug_line    0x00008ded       0x7a ./Core/Startup/startup_stm32f407zgtx.o
 .debug_line    0x00008e67      0xa9b ./Drivers/STM32F4xx_HAL_Driver/Src/stm32f4xx_hal.o
 .debug_line    0x00009902      0xd63 ./Drivers/STM32F4xx_HAL_Driver/Src/stm32f4xx_hal_cortex.o
 .debug_line    0x0000a665      0xc27 ./Drivers/STM32F4xx_HAL_Driver/Src/stm32f4xx_hal_gpio.o
 .debug_line    0x0000b28c     0x3be1 ./Drivers/STM32F4xx_HAL_Driver/Src/stm32f4xx_hal_i2c.o
 .debug_line    0x0000ee6d      0xe0e ./Drivers/STM32F4xx_HAL_Driver/Src/stm32f4xx_hal_rcc.o
 .debug_line    0x0000fc7b     0x1d96 ./Drivers/STM32F4xx_HAL_Driver/Src/stm32f4xx_hal_spi.o
 .debug_line    0x00011a11      0xdb0 ./Drivers/STM32F4xx_HAL_Driver/Src/stm32f4xx_hal_sram.o
 .debug_line    0x000127c1     0x383f ./Drivers/STM32F4xx_HAL_Driver/Src/stm32f4xx_hal_tim.o
 .debug_line    0x00016000     0x1a91 ./Drivers/STM32F4xx_HAL_Driver/Src/stm32f4xx_hal_tim_ex.o
 .debug_line    0x00017a91      0xab9 ./Drivers/STM32F4xx_HAL_Driver/Src/stm32f4xx_ll_fsmc.o

.debug_str      0x00000000    0xd152f
 .debug_str     0x00000000    0xc8042 ./Core/Src/button.o
                              0xc834f (size before relaxing)
 .debug_str     0x000c8042      0x944 ./Core/Src/ds3231.o
                              0xc8a23 (size before relaxing)
 .debug_str     0x000c8986      0x3ef ./Core/Src/fsmc.o
                              0xc850f (size before relaxing)
 .debug_str     0x000c8d75       0x20 ./Core/Src/gpio.o
                              0xc7fbd (size before relaxing)
 .debug_str     0x000c8d95       0x58 ./Core/Src/i2c.o
                              0xc84ec (size before relaxing)
 .debug_str     0x000c8ded     0x36e1 ./Core/Src/lcd.o
                              0xcb57d (size before relaxing)
 .debug_str     0x000cc4ce       0xe0 ./Core/Src/led7Seg.o
                              0xc83c9 (size before relaxing)
 .debug_str     0x000cc5ae      0xcc8 ./Core/Src/main.o
                              0xcc45b (size before relaxing)
 .debug_str     0x000cd276      0x31d ./Core/Src/sTimer.o
                              0xc84a0 (size before relaxing)
 .debug_str     0x000cd593       0x4b ./Core/Src/spi.o
                              0xc8449 (size before relaxing)
 .debug_str     0x000cd5de       0x2c ./Core/Src/stm32f4xx_hal_msp.o
                              0xc7ef2 (size before relaxing)
 .debug_str     0x000cd60a       0xfc ./Core/Src/stm32f4xx_it.o
                              0xc83ec (size before relaxing)
 .debug_str     0x000cd706       0xdb ./Core/Src/system_stm32f4xx.o
                              0xc7d8c (size before relaxing)
 .debug_str     0x000cd7e1      0x653 ./Core/Src/tim.o
                              0xc8ada (size before relaxing)
 .debug_str     0x000cde34       0x14 ./Core/Src/utils.o
                               0x725c (size before relaxing)
 .debug_str     0x000cde48       0x44 ./Core/Startup/startup_stm32f407zgtx.o
                                 0x62 (size before relaxing)
 .debug_str     0x000cde8c      0x603 ./Drivers/STM32F4xx_HAL_Driver/Src/stm32f4xx_hal.o
                              0xc8910 (size before relaxing)
 .debug_str     0x000ce48f      0x33a ./Drivers/STM32F4xx_HAL_Driver/Src/stm32f4xx_hal_cortex.o
                              0xc865a (size before relaxing)
 .debug_str     0x000ce7c9      0x109 ./Drivers/STM32F4xx_HAL_Driver/Src/stm32f4xx_hal_gpio.o
                              0xc7f07 (size before relaxing)
 .debug_str     0x000ce8d2      0xb24 ./Drivers/STM32F4xx_HAL_Driver/Src/stm32f4xx_hal_i2c.o
                              0xc8daa (size before relaxing)
 .debug_str     0x000cf3f6      0x213 ./Drivers/STM32F4xx_HAL_Driver/Src/stm32f4xx_hal_rcc.o
                              0xc81c0 (size before relaxing)
 .debug_str     0x000cf609      0x544 ./Drivers/STM32F4xx_HAL_Driver/Src/stm32f4xx_hal_spi.o
                              0xc8650 (size before relaxing)
 .debug_str     0x000cfb4d      0x1eb ./Drivers/STM32F4xx_HAL_Driver/Src/stm32f4xx_hal_sram.o
                              0xc838a (size before relaxing)
 .debug_str     0x000cfd38      0xda8 ./Drivers/STM32F4xx_HAL_Driver/Src/stm32f4xx_hal_tim.o
                              0xc9116 (size before relaxing)
 .debug_str     0x000d0ae0      0x493 ./Drivers/STM32F4xx_HAL_Driver/Src/stm32f4xx_hal_tim_ex.o
                              0xc8922 (size before relaxing)
 .debug_str     0x000d0f73      0x5bc ./Drivers/STM32F4xx_HAL_Driver/Src/stm32f4xx_ll_fsmc.o
                              0xc85f7 (size before relaxing)

.comment        0x00000000       0x43
 .comment       0x00000000       0x43 ./Core/Src/button.o
                                 0x44 (size before relaxing)
 .comment       0x00000043       0x44 ./Core/Src/ds3231.o
 .comment       0x00000043       0x44 ./Core/Src/fsmc.o
 .comment       0x00000043       0x44 ./Core/Src/gpio.o
 .comment       0x00000043       0x44 ./Core/Src/i2c.o
 .comment       0x00000043       0x44 ./Core/Src/lcd.o
 .comment       0x00000043       0x44 ./Core/Src/led7Seg.o
 .comment       0x00000043       0x44 ./Core/Src/main.o
 .comment       0x00000043       0x44 ./Core/Src/sTimer.o
 .comment       0x00000043       0x44 ./Core/Src/spi.o
 .comment       0x00000043       0x44 ./Core/Src/stm32f4xx_hal_msp.o
 .comment       0x00000043       0x44 ./Core/Src/stm32f4xx_it.o
 .comment       0x00000043       0x44 ./Core/Src/system_stm32f4xx.o
 .comment       0x00000043       0x44 ./Core/Src/tim.o
 .comment       0x00000043       0x44 ./Core/Src/utils.o
 .comment       0x00000043       0x44 ./Drivers/STM32F4xx_HAL_Driver/Src/stm32f4xx_hal.o
 .comment       0x00000043       0x44 ./Drivers/STM32F4xx_HAL_Driver/Src/stm32f4xx_hal_cortex.o
 .comment       0x00000043       0x44 ./Drivers/STM32F4xx_HAL_Driver/Src/stm32f4xx_hal_gpio.o
 .comment       0x00000043       0x44 ./Drivers/STM32F4xx_HAL_Driver/Src/stm32f4xx_hal_i2c.o
 .comment       0x00000043       0x44 ./Drivers/STM32F4xx_HAL_Driver/Src/stm32f4xx_hal_rcc.o
 .comment       0x00000043       0x44 ./Drivers/STM32F4xx_HAL_Driver/Src/stm32f4xx_hal_spi.o
 .comment       0x00000043       0x44 ./Drivers/STM32F4xx_HAL_Driver/Src/stm32f4xx_hal_sram.o
 .comment       0x00000043       0x44 ./Drivers/STM32F4xx_HAL_Driver/Src/stm32f4xx_hal_tim.o
 .comment       0x00000043       0x44 ./Drivers/STM32F4xx_HAL_Driver/Src/stm32f4xx_hal_tim_ex.o
 .comment       0x00000043       0x44 ./Drivers/STM32F4xx_HAL_Driver/Src/stm32f4xx_ll_fsmc.o

.debug_frame    0x00000000     0x5338
 .debug_frame   0x00000000       0x50 ./Core/Src/button.o
 .debug_frame   0x00000050      0x430 ./Core/Src/ds3231.o
 .debug_frame   0x00000480       0xbc ./Core/Src/fsmc.o
 .debug_frame   0x0000053c       0x34 ./Core/Src/gpio.o
 .debug_frame   0x00000570       0x74 ./Core/Src/i2c.o
 .debug_frame   0x000005e4      0x3c0 ./Core/Src/lcd.o
 .debug_frame   0x000009a4      0x110 ./Core/Src/led7Seg.o
 .debug_frame   0x00000ab4      0x1a0 ./Core/Src/main.o
 .debug_frame   0x00000c54       0xfc ./Core/Src/sTimer.o
 .debug_frame   0x00000d50       0x74 ./Core/Src/spi.o
 .debug_frame   0x00000dc4       0x38 ./Core/Src/stm32f4xx_hal_msp.o
 .debug_frame   0x00000dfc      0x13c ./Core/Src/stm32f4xx_it.o
 .debug_frame   0x00000f38       0x58 ./Core/Src/system_stm32f4xx.o
 .debug_frame   0x00000f90       0xa0 ./Core/Src/tim.o
 .debug_frame   0x00001030       0x60 ./Core/Src/utils.o
 .debug_frame   0x00001090      0x374 ./Drivers/STM32F4xx_HAL_Driver/Src/stm32f4xx_hal.o
 .debug_frame   0x00001404      0x4b8 ./Drivers/STM32F4xx_HAL_Driver/Src/stm32f4xx_hal_cortex.o
 .debug_frame   0x000018bc      0x14c ./Drivers/STM32F4xx_HAL_Driver/Src/stm32f4xx_hal_gpio.o
 .debug_frame   0x00001a08      0xc84 ./Drivers/STM32F4xx_HAL_Driver/Src/stm32f4xx_hal_i2c.o
 .debug_frame   0x0000268c      0x1f4 ./Drivers/STM32F4xx_HAL_Driver/Src/stm32f4xx_hal_rcc.o
 .debug_frame   0x00002880      0x828 ./Drivers/STM32F4xx_HAL_Driver/Src/stm32f4xx_hal_spi.o
 .debug_frame   0x000030a8      0x30c ./Drivers/STM32F4xx_HAL_Driver/Src/stm32f4xx_hal_sram.o
 .debug_frame   0x000033b4     0x11c0 ./Drivers/STM32F4xx_HAL_Driver/Src/stm32f4xx_hal_tim.o
 .debug_frame   0x00004574      0x638 ./Drivers/STM32F4xx_HAL_Driver/Src/stm32f4xx_hal_tim_ex.o
 .debug_frame   0x00004bac      0x2dc ./Drivers/STM32F4xx_HAL_Driver/Src/stm32f4xx_ll_fsmc.o
 .debug_frame   0x00004e88       0x20 C:/ST/STM32CubeIDE_1.14.0/STM32CubeIDE/plugins/com.st.stm32cube.ide.mcu.externaltools.gnu-tools-for-stm32.12.3.rel1.win32_1.0.100.202403111256/tools/bin/../lib/gcc/arm-none-eabi/12.3.1/../../../../arm-none-eabi/lib/thumb/v7e-m+fp/hard\libc_nano.a(libc_a-memset.o)
 .debug_frame   0x00004ea8       0x2c C:/ST/STM32CubeIDE_1.14.0/STM32CubeIDE/plugins/com.st.stm32cube.ide.mcu.externaltools.gnu-tools-for-stm32.12.3.rel1.win32_1.0.100.202403111256/tools/bin/../lib/gcc/arm-none-eabi/12.3.1/../../../../arm-none-eabi/lib/thumb/v7e-m+fp/hard\libc_nano.a(libc_a-init.o)
 .debug_frame   0x00004ed4       0x38 C:/ST/STM32CubeIDE_1.14.0/STM32CubeIDE/plugins/com.st.stm32cube.ide.mcu.externaltools.gnu-tools-for-stm32.12.3.rel1.win32_1.0.100.202403111256/tools/bin/../lib/gcc/arm-none-eabi/12.3.1/../../../../arm-none-eabi/lib/thumb/v7e-m+fp/hard\libm.a(libm_a-s_cos.o)
 .debug_frame   0x00004f0c       0x38 C:/ST/STM32CubeIDE_1.14.0/STM32CubeIDE/plugins/com.st.stm32cube.ide.mcu.externaltools.gnu-tools-for-stm32.12.3.rel1.win32_1.0.100.202403111256/tools/bin/../lib/gcc/arm-none-eabi/12.3.1/../../../../arm-none-eabi/lib/thumb/v7e-m+fp/hard\libm.a(libm_a-s_sin.o)
 .debug_frame   0x00004f44       0x3c C:/ST/STM32CubeIDE_1.14.0/STM32CubeIDE/plugins/com.st.stm32cube.ide.mcu.externaltools.gnu-tools-for-stm32.12.3.rel1.win32_1.0.100.202403111256/tools/bin/../lib/gcc/arm-none-eabi/12.3.1/../../../../arm-none-eabi/lib/thumb/v7e-m+fp/hard\libm.a(libm_a-k_cos.o)
 .debug_frame   0x00004f80       0x40 C:/ST/STM32CubeIDE_1.14.0/STM32CubeIDE/plugins/com.st.stm32cube.ide.mcu.externaltools.gnu-tools-for-stm32.12.3.rel1.win32_1.0.100.202403111256/tools/bin/../lib/gcc/arm-none-eabi/12.3.1/../../../../arm-none-eabi/lib/thumb/v7e-m+fp/hard\libm.a(libm_a-k_sin.o)
 .debug_frame   0x00004fc0       0x40 C:/ST/STM32CubeIDE_1.14.0/STM32CubeIDE/plugins/com.st.stm32cube.ide.mcu.externaltools.gnu-tools-for-stm32.12.3.rel1.win32_1.0.100.202403111256/tools/bin/../lib/gcc/arm-none-eabi/12.3.1/../../../../arm-none-eabi/lib/thumb/v7e-m+fp/hard\libm.a(libm_a-e_rem_pio2.o)
 .debug_frame   0x00005000       0x20 C:/ST/STM32CubeIDE_1.14.0/STM32CubeIDE/plugins/com.st.stm32cube.ide.mcu.externaltools.gnu-tools-for-stm32.12.3.rel1.win32_1.0.100.202403111256/tools/bin/../lib/gcc/arm-none-eabi/12.3.1/../../../../arm-none-eabi/lib/thumb/v7e-m+fp/hard\libm.a(libm_a-s_fabs.o)
 .debug_frame   0x00005020       0x54 C:/ST/STM32CubeIDE_1.14.0/STM32CubeIDE/plugins/com.st.stm32cube.ide.mcu.externaltools.gnu-tools-for-stm32.12.3.rel1.win32_1.0.100.202403111256/tools/bin/../lib/gcc/arm-none-eabi/12.3.1/../../../../arm-none-eabi/lib/thumb/v7e-m+fp/hard\libm.a(libm_a-k_rem_pio2.o)
 .debug_frame   0x00005074       0x2c C:/ST/STM32CubeIDE_1.14.0/STM32CubeIDE/plugins/com.st.stm32cube.ide.mcu.externaltools.gnu-tools-for-stm32.12.3.rel1.win32_1.0.100.202403111256/tools/bin/../lib/gcc/arm-none-eabi/12.3.1/../../../../arm-none-eabi/lib/thumb/v7e-m+fp/hard\libm.a(libm_a-s_scalbn.o)
 .debug_frame   0x000050a0       0x30 C:/ST/STM32CubeIDE_1.14.0/STM32CubeIDE/plugins/com.st.stm32cube.ide.mcu.externaltools.gnu-tools-for-stm32.12.3.rel1.win32_1.0.100.202403111256/tools/bin/../lib/gcc/arm-none-eabi/12.3.1/../../../../arm-none-eabi/lib/thumb/v7e-m+fp/hard\libm.a(libm_a-s_floor.o)
 .debug_frame   0x000050d0       0xac C:/ST/STM32CubeIDE_1.14.0/STM32CubeIDE/plugins/com.st.stm32cube.ide.mcu.externaltools.gnu-tools-for-stm32.12.3.rel1.win32_1.0.100.202403111256/tools/bin/../lib/gcc/arm-none-eabi/12.3.1/thumb/v7e-m+fp/hard\libgcc.a(_arm_addsubdf3.o)
 .debug_frame   0x0000517c       0x50 C:/ST/STM32CubeIDE_1.14.0/STM32CubeIDE/plugins/com.st.stm32cube.ide.mcu.externaltools.gnu-tools-for-stm32.12.3.rel1.win32_1.0.100.202403111256/tools/bin/../lib/gcc/arm-none-eabi/12.3.1/thumb/v7e-m+fp/hard\libgcc.a(_arm_muldivdf3.o)
 .debug_frame   0x000051cc       0xc4 C:/ST/STM32CubeIDE_1.14.0/STM32CubeIDE/plugins/com.st.stm32cube.ide.mcu.externaltools.gnu-tools-for-stm32.12.3.rel1.win32_1.0.100.202403111256/tools/bin/../lib/gcc/arm-none-eabi/12.3.1/thumb/v7e-m+fp/hard\libgcc.a(_arm_cmpdf2.o)
 .debug_frame   0x00005290       0x24 C:/ST/STM32CubeIDE_1.14.0/STM32CubeIDE/plugins/com.st.stm32cube.ide.mcu.externaltools.gnu-tools-for-stm32.12.3.rel1.win32_1.0.100.202403111256/tools/bin/../lib/gcc/arm-none-eabi/12.3.1/thumb/v7e-m+fp/hard\libgcc.a(_arm_fixdfsi.o)
 .debug_frame   0x000052b4       0x24 C:/ST/STM32CubeIDE_1.14.0/STM32CubeIDE/plugins/com.st.stm32cube.ide.mcu.externaltools.gnu-tools-for-stm32.12.3.rel1.win32_1.0.100.202403111256/tools/bin/../lib/gcc/arm-none-eabi/12.3.1/thumb/v7e-m+fp/hard\libgcc.a(_arm_truncdfsf2.o)
 .debug_frame   0x000052d8       0x2c C:/ST/STM32CubeIDE_1.14.0/STM32CubeIDE/plugins/com.st.stm32cube.ide.mcu.externaltools.gnu-tools-for-stm32.12.3.rel1.win32_1.0.100.202403111256/tools/bin/../lib/gcc/arm-none-eabi/12.3.1/thumb/v7e-m+fp/hard\libgcc.a(_aeabi_uldivmod.o)
 .debug_frame   0x00005304       0x34 C:/ST/STM32CubeIDE_1.14.0/STM32CubeIDE/plugins/com.st.stm32cube.ide.mcu.externaltools.gnu-tools-for-stm32.12.3.rel1.win32_1.0.100.202403111256/tools/bin/../lib/gcc/arm-none-eabi/12.3.1/thumb/v7e-m+fp/hard\libgcc.a(_udivmoddi4.o)

.debug_line_str
                0x00000000       0x46
 .debug_line_str
                0x00000000       0x46 ./Core/Startup/startup_stm32f407zgtx.o